******************************************************************************
                  MSP430 Linker PC v21.6.1                     
******************************************************************************
>> Linked Tue Sep 22 17:24:52 2026

OUTPUT FILE NAME:   <Projet_GROUPE_4.out>
ENTRY POINT SYMBOL: "_c_int00_noargs"  address: 0000ca9a


MEMORY CONFIGURATION

         name            origin    length      used     unused   attr    fill
----------------------  --------  ---------  --------  --------  ----  --------
  SFR                   00000000   00000010  00000000  00000010  RWIX
  PERIPHERALS_8BIT      00000010   000000f0  00000000  000000f0  RWIX
  PERIPHERALS_16BIT     00000100   00000100  00000000  00000100  RWIX
  RAM                   00000200   00000200  00000056  000001aa  RWIX
  INFOD                 00001000   00000040  00000000  00000040  RWIX
  INFOC                 00001040   00000040  00000000  00000040  RWIX
  INFOB                 00001080   00000040  00000000  00000040  RWIX
  INFOA                 000010c0   00000040  00000000  00000040  RWIX
  FLASH                 0000c000   00003fde  00000b8a  00003454  RWIX
  BSLSIGNATURE          0000ffde   00000002  00000002  00000000  RWIX  ffff 
  INT00                 0000ffe0   00000002  00000002  00000000  RWIX
  INT01                 0000ffe2   00000002  00000000  00000002  RWIX
  INT02                 0000ffe4   00000002  00000002  00000000  RWIX
  INT03                 0000ffe6   00000002  00000002  00000000  RWIX
  INT04                 0000ffe8   00000002  00000000  00000002  RWIX
  INT05                 0000ffea   00000002  00000002  00000000  RWIX
  INT06                 0000ffec   00000002  00000002  00000000  RWIX
  INT07                 0000ffee   00000002  00000002  00000000  RWIX
  INT08                 0000fff0   00000002  00000002  00000000  RWIX
  INT09                 0000fff2   00000002  00000002  00000000  RWIX
  INT10                 0000fff4   00000002  00000002  00000000  RWIX
  INT11                 0000fff6   00000002  00000002  00000000  RWIX
  INT12                 0000fff8   00000002  00000002  00000000  RWIX
  INT13                 0000fffa   00000002  00000002  00000000  RWIX
  INT14                 0000fffc   00000002  00000002  00000000  RWIX
  RESET                 0000fffe   00000002  00000002  00000000  RWIX


SECTION ALLOCATION MAP

 output                                  attributes/
section   page    origin      length       input sections
--------  ----  ----------  ----------   ----------------
.data      0    00000200    00000006     UNINITIALIZED
                  00000200    00000006     main.obj (.data)

.stack     0    000003b0    00000050     UNINITIALIZED
                  000003b0    00000002     rts430_eabi.lib : boot.c.obj (.stack)
                  000003b2    0000004e     --HOLE--

.text      0    0000c000    00000b7a     
                  0000c000    000002c0     rts430_eabi.lib : mpyd.c.obj (.text:__mspabi_mpyd)
                  0000c2c0    00000172                     : frcmpyd.c.obj (.text:__TI_frcmpyd)
                  0000c432    00000114                     : mult64.asm.obj (.text:__mpyll)
                  0000c546    0000008a                     : fltuld.c.obj (.text:__mspabi_fltuld)
                  0000c5d0    0000007c                     : copy_decompress_lzss.c.obj (.text:decompress:lzss:__TI_decompress_lzss)
                  0000c64c    00000074                     : fixdul.c.obj (.text:__mspabi_fixdul)
                  0000c6c0    0000005e     main.obj (.text:ma_interrupt_opto_0)
                  0000c71e    0000005c     rts430_eabi.lib : lsr32.asm.obj (.text:l_lsr_const)
                  0000c77a    00000052     main.obj (.text:main)
                  0000c7cc    0000004c     rts430_eabi.lib : lsr16.asm.obj (.text)
                  0000c818    00000046                     : lsr64.c.obj (.text:__mspabi_srlll)
                  0000c85e    00000044                     : lsl64.c.obj (.text:__mspabi_sllll)
                  0000c8a2    00000042                     : autoinit.c.obj (.text:__TI_auto_init_nobinit_nopinit:__TI_auto_init_nobinit_nopinit)
                  0000c8e4    0000003e                     : lsl32.asm.obj (.text:l_lsl_const)
                  0000c922    0000003c     main.obj (.text:init_vitesse)
                  0000c95e    00000032     main.obj (.text:ajuster_vitesse)
                  0000c990    0000002c     rts430_eabi.lib : asr16.asm.obj (.text)
                  0000c9bc    0000002c                     : div16s.asm.obj (.text)
                  0000c9e8    0000002c                     : lsl16.asm.obj (.text)
                  0000ca14    00000026                     : mult32.asm.obj (.text)
                  0000ca3a    00000022                     : mult1632.asm.obj (.text:__mpyul)
                  0000ca5c    00000020     main.obj (.text:config_signal)
                  0000ca7c    0000001e     rts430_eabi.lib : mult3264.asm.obj (.text:__mpyull)
                  0000ca9a    0000001c                     : boot.c.obj (.text:_c_int00_noargs)
                  0000cab6    00000016                     : div16u.asm.obj (.text)
                  0000cacc    00000014                     : mult16.asm.obj (.text)
                  0000cae0    00000012                     : fixdu.c.obj (.text:__mspabi_fixdu)
                  0000caf2    00000012                     : copy_decompress_none.c.obj (.text:decompress:none:__TI_decompress_none)
                  0000cb04    00000012                     : lsr32.asm.obj (.text:l_lsr)
                  0000cb16    00000012                     : memcpy.c.obj (.text:memcpy)
                  0000cb28    00000010                     : epilog.asm.obj (.text)
                  0000cb38    00000010     main.obj (.text:tourner_droite)
                  0000cb48    0000000c     main.obj (.text:avancer)
                  0000cb54    0000000c     main.obj (.text:reculer)
                  0000cb60    00000008     rts430_eabi.lib : isr_trap.asm.obj (.text:_isr:__TI_ISR_TRAP)
                  0000cb68    00000006                     : fltud.c.obj (.text:__mspabi_fltud)
                  0000cb6e    00000006                     : exit.c.obj (.text:abort)
                  0000cb74    00000004                     : pre_init.c.obj (.text:_system_pre_init)
                  0000cb78    00000002                     : startup.c.obj (.text:_system_post_cinit)

.cinit     0    0000cb7a    00000010     
                  0000cb7a    00000007     (.cinit..data.load) [load image, compression = lzss]
                  0000cb81    00000001     --HOLE-- [fill = 0]
                  0000cb82    00000004     (__TI_handler_table)
                  0000cb86    00000004     (__TI_cinit_table)

.binit     0    0000c000    00000000     

.init_array 
*          0    0000c000    00000000     UNINITIALIZED

TRAPINT    0    0000ffe0    00000002     
                  0000ffe0    00000002     rts430_eabi.lib : int00.asm.obj (.int00)

PORT1      0    0000ffe4    00000002     
                  0000ffe4    00000002     rts430_eabi.lib : int02.asm.obj (.int02)

PORT2      0    0000ffe6    00000002     
                  0000ffe6    00000002     main.obj (.int03)

ADC10      0    0000ffea    00000002     
                  0000ffea    00000002     rts430_eabi.lib : int05.asm.obj (.int05)

USCIAB0TX 
*          0    0000ffec    00000002     
                  0000ffec    00000002     rts430_eabi.lib : int06.asm.obj (.int06)

USCIAB0RX 
*          0    0000ffee    00000002     
                  0000ffee    00000002     rts430_eabi.lib : int07.asm.obj (.int07)

TIMER0_A1 
*          0    0000fff0    00000002     
                  0000fff0    00000002     rts430_eabi.lib : int08.asm.obj (.int08)

TIMER0_A0 
*          0    0000fff2    00000002     
                  0000fff2    00000002     rts430_eabi.lib : int09.asm.obj (.int09)

WDT        0    0000fff4    00000002     
                  0000fff4    00000002     rts430_eabi.lib : int10.asm.obj (.int10)

COMPARATORA 
*          0    0000fff6    00000002     
                  0000fff6    00000002     rts430_eabi.lib : int11.asm.obj (.int11)

TIMER1_A1 
*          0    0000fff8    00000002     
                  0000fff8    00000002     rts430_eabi.lib : int12.asm.obj (.int12)

TIMER1_A0 
*          0    0000fffa    00000002     
                  0000fffa    00000002     rts430_eabi.lib : int13.asm.obj (.int13)

NMI        0    0000fffc    00000002     
                  0000fffc    00000002     rts430_eabi.lib : int14.asm.obj (.int14)

.reset     0    0000fffe    00000002     
                  0000fffe    00000002     rts430_eabi.lib : boot.c.obj (.reset)

$fill000   0    0000ffde    00000002     
                  0000ffde    00000002     --HOLE-- [fill = ffff]

MODULE SUMMARY

       Module                       code   ro data   rw data
       ------                       ----   -------   -------
    .\
       main.obj                     358    2         6      
    +--+----------------------------+------+---------+---------+
       Total:                       358    2         6      
                                                            
    C:\ti\ccs2020\ccs\tools\compiler\ti-cgt-msp430_21.6.1.LTS\lib\rts430_eabi.lib
       mpyd.c.obj                   704    0         0      
       frcmpyd.c.obj                370    0         0      
       mult64.asm.obj               276    0         0      
       fltuld.c.obj                 138    0         0      
       copy_decompress_lzss.c.obj   124    0         0      
       fixdul.c.obj                 116    0         0      
       lsr32.asm.obj                110    0         0      
       lsr16.asm.obj                76     0         0      
       lsr64.c.obj                  70     0         0      
       lsl64.c.obj                  68     0         0      
       autoinit.c.obj               66     0         0      
       lsl32.asm.obj                62     0         0      
       asr16.asm.obj                44     0         0      
       div16s.asm.obj               44     0         0      
       lsl16.asm.obj                44     0         0      
       mult32.asm.obj               38     0         0      
       mult1632.asm.obj             34     0         0      
       boot.c.obj                   28     2         0      
       mult3264.asm.obj             30     0         0      
       div16u.asm.obj               22     0         0      
       mult16.asm.obj               20     0         0      
       copy_decompress_none.c.obj   18     0         0      
       fixdu.c.obj                  18     0         0      
       memcpy.c.obj                 18     0         0      
       epilog.asm.obj               16     0         0      
       isr_trap.asm.obj             8      0         0      
       exit.c.obj                   6      0         0      
       fltud.c.obj                  6      0         0      
       pre_init.c.obj               4      0         0      
       int00.asm.obj                0      2         0      
       int02.asm.obj                0      2         0      
       int05.asm.obj                0      2         0      
       int06.asm.obj                0      2         0      
       int07.asm.obj                0      2         0      
       int08.asm.obj                0      2         0      
       int09.asm.obj                0      2         0      
       int10.asm.obj                0      2         0      
       int11.asm.obj                0      2         0      
       int12.asm.obj                0      2         0      
       int13.asm.obj                0      2         0      
       int14.asm.obj                0      2         0      
       startup.c.obj                2      0         0      
    +--+----------------------------+------+---------+---------+
       Total:                       2580   26        0      
                                                            
       Stack:                       0      0         80     
       Linker Generated:            0      15        0      
    +--+----------------------------+------+---------+---------+
       Grand Total:                 2938   43        86     


LINKER GENERATED COPY TABLES

__TI_cinit_table @ 0000cb86 records: 1, size/record: 4, table size: 4
	.data: load addr=0000cb7a, load size=00000007 bytes, run addr=00000200, run size=00000006 bytes, compression=lzss


LINKER GENERATED HANDLER TABLE

__TI_handler_table @ 0000cb82 records: 2, size/record: 2, table size: 4
	index: 0, handler: __TI_decompress_lzss
	index: 1, handler: __TI_decompress_none


GLOBAL SYMBOLS: SORTED ALPHABETICALLY BY Name 

address   name                          
-------   ----                          
0000004a  ADC10AE0                      
000001b0  ADC10CTL0                     
000001b2  ADC10CTL1                     
00000048  ADC10DTC0                     
00000049  ADC10DTC1                     
000001b4  ADC10MEM                      
000001bc  ADC10SA                       
00000057  BCSCTL1                       
00000058  BCSCTL2                       
00000053  BCSCTL3                       
0000cb6e  C$$EXIT                       
00000059  CACTL1                        
0000005a  CACTL2                        
000010fb  CALBC1_12MHZ                  
000010f9  CALBC1_16MHZ                  
000010ff  CALBC1_1MHZ                   
000010fd  CALBC1_8MHZ                   
000010fa  CALDCO_12MHZ                  
000010f8  CALDCO_16MHZ                  
000010fe  CALDCO_1MHZ                   
000010fc  CALDCO_8MHZ                   
0000005b  CAPD                          
00000056  DCOCTL                        
00000128  FCTL1                         
0000012a  FCTL2                         
0000012c  FCTL3                         
00000000  IE1                           
00000001  IE2                           
00000002  IFG1                          
00000003  IFG2                          
00000022  P1DIR                         
00000025  P1IE                          
00000024  P1IES                         
00000023  P1IFG                         
00000020  P1IN                          
00000021  P1OUT                         
00000027  P1REN                         
00000026  P1SEL                         
00000041  P1SEL2                        
0000002a  P2DIR                         
0000002d  P2IE                          
0000002c  P2IES                         
0000002b  P2IFG                         
00000028  P2IN                          
00000029  P2OUT                         
0000002f  P2REN                         
0000002e  P2SEL                         
00000042  P2SEL2                        
0000001a  P3DIR                         
00000018  P3IN                          
00000019  P3OUT                         
00000010  P3REN                         
0000001b  P3SEL                         
00000043  P3SEL2                        
00000172  TA0CCR0                       
00000174  TA0CCR1                       
00000176  TA0CCR2                       
00000162  TA0CCTL0                      
00000164  TA0CCTL1                      
00000166  TA0CCTL2                      
00000160  TA0CTL                        
0000012e  TA0IV                         
00000170  TA0R                          
00000192  TA1CCR0                       
00000194  TA1CCR1                       
00000196  TA1CCR2                       
00000182  TA1CCTL0                      
00000184  TA1CCTL1                      
00000186  TA1CCTL2                      
00000180  TA1CTL                        
0000011e  TA1IV                         
00000190  TA1R                          
000010db  TLV_ADC10_1_LEN               
000010da  TLV_ADC10_1_TAG               
000010c0  TLV_CHECKSUM                  
000010f7  TLV_DCO_30_LEN                
000010f6  TLV_DCO_30_TAG                
0000005d  UCA0ABCTL                     
00000062  UCA0BR0                       
00000063  UCA0BR1                       
00000060  UCA0CTL0                      
00000061  UCA0CTL1                      
0000005f  UCA0IRRCTL                    
0000005e  UCA0IRTCTL                    
00000064  UCA0MCTL                      
00000066  UCA0RXBUF                     
00000065  UCA0STAT                      
00000067  UCA0TXBUF                     
0000006a  UCB0BR0                       
0000006b  UCB0BR1                       
00000068  UCB0CTL0                      
00000069  UCB0CTL1                      
0000006c  UCB0I2CIE                     
00000118  UCB0I2COA                     
0000011a  UCB0I2CSA                     
0000006e  UCB0RXBUF                     
0000006d  UCB0STAT                      
0000006f  UCB0TXBUF                     
00000120  WDTCTL                        
00000400  __STACK_END                   
00000050  __STACK_SIZE                  
0000cb86  __TI_CINIT_Base               
0000cb8a  __TI_CINIT_Limit              
0000cb8a  __TI_CINIT_Warm               
0000cb82  __TI_Handler_Table_Base       
0000cb86  __TI_Handler_Table_Limit      
0000cb60  __TI_ISR_TRAP                 
0000c8a2  __TI_auto_init_nobinit_nopinit
0000c5d0  __TI_decompress_lzss          
0000caf2  __TI_decompress_none          
0000c2c0  __TI_frcmpyd                  
0000ffe0  __TI_int00                    
0000ffe4  __TI_int02                    
0000ffe6  __TI_int03                    
0000ffea  __TI_int05                    
0000ffec  __TI_int06                    
0000ffee  __TI_int07                    
0000fff0  __TI_int08                    
0000fff2  __TI_int09                    
0000fff4  __TI_int10                    
0000fff6  __TI_int11                    
0000fff8  __TI_int12                    
0000fffa  __TI_int13                    
0000fffc  __TI_int14                    
ffffffff  __TI_pprof_out_hndl           
ffffffff  __TI_prof_data_size           
ffffffff  __TI_prof_data_start          
ffffffff  __c_args__                    
0000c9bc  __mspabi_divi                 
0000cab6  __mspabi_divu                 
0000cae0  __mspabi_fixdu                
0000c64c  __mspabi_fixdul               
0000cb68  __mspabi_fltud                
0000c546  __mspabi_fltuld               
0000cb34  __mspabi_func_epilog_1        
0000cb32  __mspabi_func_epilog_2        
0000cb30  __mspabi_func_epilog_3        
0000cb2e  __mspabi_func_epilog_4        
0000cb2c  __mspabi_func_epilog_5        
0000cb2a  __mspabi_func_epilog_6        
0000cb28  __mspabi_func_epilog_7        
0000c000  __mspabi_mpyd                 
0000cacc  __mspabi_mpyi                 
0000cacc  __mspabi_mpyi_sw              
0000ca14  __mspabi_mpyl                 
0000ca14  __mspabi_mpyl_sw              
0000c432  __mspabi_mpyll                
0000c432  __mspabi_mpyll_sw             
0000ca3a  __mspabi_mpyul                
0000ca3a  __mspabi_mpyul_sw             
0000ca7c  __mspabi_mpyull               
0000ca7c  __mspabi_mpyull_sw            
0000c9bc  __mspabi_remi                 
0000cab6  __mspabi_remu                 
0000c9e8  __mspabi_slli                 
0000ca10  __mspabi_slli_1               
0000c9fe  __mspabi_slli_10              
0000c9fc  __mspabi_slli_11              
0000c9fa  __mspabi_slli_12              
0000c9f8  __mspabi_slli_13              
0000c9f6  __mspabi_slli_14              
0000c9f4  __mspabi_slli_15              
0000ca0e  __mspabi_slli_2               
0000ca0c  __mspabi_slli_3               
0000ca0a  __mspabi_slli_4               
0000ca08  __mspabi_slli_5               
0000ca06  __mspabi_slli_6               
0000ca04  __mspabi_slli_7               
0000ca02  __mspabi_slli_8               
0000ca00  __mspabi_slli_9               
0000c91c  __mspabi_slll_1               
0000c8f8  __mspabi_slll_10              
0000c8f4  __mspabi_slll_11              
0000c8f0  __mspabi_slll_12              
0000c8ec  __mspabi_slll_13              
0000c8e8  __mspabi_slll_14              
0000c8e4  __mspabi_slll_15              
0000c918  __mspabi_slll_2               
0000c914  __mspabi_slll_3               
0000c910  __mspabi_slll_4               
0000c90c  __mspabi_slll_5               
0000c908  __mspabi_slll_6               
0000c904  __mspabi_slll_7               
0000c900  __mspabi_slll_8               
0000c8fc  __mspabi_slll_9               
0000c85e  __mspabi_sllll                
0000c990  __mspabi_srai                 
0000c9b8  __mspabi_srai_1               
0000c9a6  __mspabi_srai_10              
0000c9a4  __mspabi_srai_11              
0000c9a2  __mspabi_srai_12              
0000c9a0  __mspabi_srai_13              
0000c99e  __mspabi_srai_14              
0000c99c  __mspabi_srai_15              
0000c9b6  __mspabi_srai_2               
0000c9b4  __mspabi_srai_3               
0000c9b2  __mspabi_srai_4               
0000c9b0  __mspabi_srai_5               
0000c9ae  __mspabi_srai_6               
0000c9ac  __mspabi_srai_7               
0000c9aa  __mspabi_srai_8               
0000c9a8  __mspabi_srai_9               
0000c7cc  __mspabi_srli                 
0000c812  __mspabi_srli_1               
0000c7ee  __mspabi_srli_10              
0000c7ea  __mspabi_srli_11              
0000c7e6  __mspabi_srli_12              
0000c7e2  __mspabi_srli_13              
0000c7de  __mspabi_srli_14              
0000c7da  __mspabi_srli_15              
0000c80e  __mspabi_srli_2               
0000c80a  __mspabi_srli_3               
0000c806  __mspabi_srli_4               
0000c802  __mspabi_srli_5               
0000c7fe  __mspabi_srli_6               
0000c7fa  __mspabi_srli_7               
0000c7f6  __mspabi_srli_8               
0000c7f2  __mspabi_srli_9               
0000cb04  __mspabi_srll                 
0000c772  __mspabi_srll_1               
0000c73c  __mspabi_srll_10              
0000c736  __mspabi_srll_11              
0000c730  __mspabi_srll_12              
0000c72a  __mspabi_srll_13              
0000c724  __mspabi_srll_14              
0000c71e  __mspabi_srll_15              
0000c76c  __mspabi_srll_2               
0000c766  __mspabi_srll_3               
0000c760  __mspabi_srll_4               
0000c75a  __mspabi_srll_5               
0000c754  __mspabi_srll_6               
0000c74e  __mspabi_srll_7               
0000c748  __mspabi_srll_8               
0000c742  __mspabi_srll_9               
0000c818  __mspabi_srlll                
0000ca9a  _c_int00_noargs               
0000fffe  _reset_vector                 
000003b0  _stack                        
0000cb78  _system_post_cinit            
0000cb74  _system_pre_init              
0000cb6e  abort                         
0000c95e  ajuster_vitesse               
0000cb48  avancer                       
00000200  compteur_0                    
00000202  compteur_1                    
00000204  compteur_angle                
0000ca5c  config_signal                 
0000c922  init_vitesse                  
0000c6c0  ma_interrupt_opto_0           
0000c77a  main                          
0000cb16  memcpy                        
0000cb54  reculer                       
0000cb38  tourner_droite                


GLOBAL SYMBOLS: SORTED BY Symbol Address 

address   name                          
-------   ----                          
00000000  IE1                           
00000001  IE2                           
00000002  IFG1                          
00000003  IFG2                          
00000010  P3REN                         
00000018  P3IN                          
00000019  P3OUT                         
0000001a  P3DIR                         
0000001b  P3SEL                         
00000020  P1IN                          
00000021  P1OUT                         
00000022  P1DIR                         
00000023  P1IFG                         
00000024  P1IES                         
00000025  P1IE                          
00000026  P1SEL                         
00000027  P1REN                         
00000028  P2IN                          
00000029  P2OUT                         
0000002a  P2DIR                         
0000002b  P2IFG                         
0000002c  P2IES                         
0000002d  P2IE                          
0000002e  P2SEL                         
0000002f  P2REN                         
00000041  P1SEL2                        
00000042  P2SEL2                        
00000043  P3SEL2                        
00000048  ADC10DTC0                     
00000049  ADC10DTC1                     
0000004a  ADC10AE0                      
00000050  __STACK_SIZE                  
00000053  BCSCTL3                       
00000056  DCOCTL                        
00000057  BCSCTL1                       
00000058  BCSCTL2                       
00000059  CACTL1                        
0000005a  CACTL2                        
0000005b  CAPD                          
0000005d  UCA0ABCTL                     
0000005e  UCA0IRTCTL                    
0000005f  UCA0IRRCTL                    
00000060  UCA0CTL0                      
00000061  UCA0CTL1                      
00000062  UCA0BR0                       
00000063  UCA0BR1                       
00000064  UCA0MCTL                      
00000065  UCA0STAT                      
00000066  UCA0RXBUF                     
00000067  UCA0TXBUF                     
00000068  UCB0CTL0                      
00000069  UCB0CTL1                      
0000006a  UCB0BR0                       
0000006b  UCB0BR1                       
0000006c  UCB0I2CIE                     
0000006d  UCB0STAT                      
0000006e  UCB0RXBUF                     
0000006f  UCB0TXBUF                     
00000118  UCB0I2COA                     
0000011a  UCB0I2CSA                     
0000011e  TA1IV                         
00000120  WDTCTL                        
00000128  FCTL1                         
0000012a  FCTL2                         
0000012c  FCTL3                         
0000012e  TA0IV                         
00000160  TA0CTL                        
00000162  TA0CCTL0                      
00000164  TA0CCTL1                      
00000166  TA0CCTL2                      
00000170  TA0R                          
00000172  TA0CCR0                       
00000174  TA0CCR1                       
00000176  TA0CCR2                       
00000180  TA1CTL                        
00000182  TA1CCTL0                      
00000184  TA1CCTL1                      
00000186  TA1CCTL2                      
00000190  TA1R                          
00000192  TA1CCR0                       
00000194  TA1CCR1                       
00000196  TA1CCR2                       
000001b0  ADC10CTL0                     
000001b2  ADC10CTL1                     
000001b4  ADC10MEM                      
000001bc  ADC10SA                       
00000200  compteur_0                    
00000202  compteur_1                    
00000204  compteur_angle                
000003b0  _stack                        
00000400  __STACK_END                   
000010c0  TLV_CHECKSUM                  
000010da  TLV_ADC10_1_TAG               
000010db  TLV_ADC10_1_LEN               
000010f6  TLV_DCO_30_TAG                
000010f7  TLV_DCO_30_LEN                
000010f8  CALDCO_16MHZ                  
000010f9  CALBC1_16MHZ                  
000010fa  CALDCO_12MHZ                  
000010fb  CALBC1_12MHZ                  
000010fc  CALDCO_8MHZ                   
000010fd  CALBC1_8MHZ                   
000010fe  CALDCO_1MHZ                   
000010ff  CALBC1_1MHZ                   
0000c000  __mspabi_mpyd                 
0000c2c0  __TI_frcmpyd                  
0000c432  __mspabi_mpyll                
0000c432  __mspabi_mpyll_sw             
0000c546  __mspabi_fltuld               
0000c5d0  __TI_decompress_lzss          
0000c64c  __mspabi_fixdul               
0000c6c0  ma_interrupt_opto_0           
0000c71e  __mspabi_srll_15              
0000c724  __mspabi_srll_14              
0000c72a  __mspabi_srll_13              
0000c730  __mspabi_srll_12              
0000c736  __mspabi_srll_11              
0000c73c  __mspabi_srll_10              
0000c742  __mspabi_srll_9               
0000c748  __mspabi_srll_8               
0000c74e  __mspabi_srll_7               
0000c754  __mspabi_srll_6               
0000c75a  __mspabi_srll_5               
0000c760  __mspabi_srll_4               
0000c766  __mspabi_srll_3               
0000c76c  __mspabi_srll_2               
0000c772  __mspabi_srll_1               
0000c77a  main                          
0000c7cc  __mspabi_srli                 
0000c7da  __mspabi_srli_15              
0000c7de  __mspabi_srli_14              
0000c7e2  __mspabi_srli_13              
0000c7e6  __mspabi_srli_12              
0000c7ea  __mspabi_srli_11              
0000c7ee  __mspabi_srli_10              
0000c7f2  __mspabi_srli_9               
0000c7f6  __mspabi_srli_8               
0000c7fa  __mspabi_srli_7               
0000c7fe  __mspabi_srli_6               
0000c802  __mspabi_srli_5               
0000c806  __mspabi_srli_4               
0000c80a  __mspabi_srli_3               
0000c80e  __mspabi_srli_2               
0000c812  __mspabi_srli_1               
0000c818  __mspabi_srlll                
0000c85e  __mspabi_sllll                
0000c8a2  __TI_auto_init_nobinit_nopinit
0000c8e4  __mspabi_slll_15              
0000c8e8  __mspabi_slll_14              
0000c8ec  __mspabi_slll_13              
0000c8f0  __mspabi_slll_12              
0000c8f4  __mspabi_slll_11              
0000c8f8  __mspabi_slll_10              
0000c8fc  __mspabi_slll_9               
0000c900  __mspabi_slll_8               
0000c904  __mspabi_slll_7               
0000c908  __mspabi_slll_6               
0000c90c  __mspabi_slll_5               
0000c910  __mspabi_slll_4               
0000c914  __mspabi_slll_3               
0000c918  __mspabi_slll_2               
0000c91c  __mspabi_slll_1               
0000c922  init_vitesse                  
0000c95e  ajuster_vitesse               
0000c990  __mspabi_srai                 
0000c99c  __mspabi_srai_15              
0000c99e  __mspabi_srai_14              
0000c9a0  __mspabi_srai_13              
0000c9a2  __mspabi_srai_12              
0000c9a4  __mspabi_srai_11              
0000c9a6  __mspabi_srai_10              
0000c9a8  __mspabi_srai_9               
0000c9aa  __mspabi_srai_8               
0000c9ac  __mspabi_srai_7               
0000c9ae  __mspabi_srai_6               
0000c9b0  __mspabi_srai_5               
0000c9b2  __mspabi_srai_4               
0000c9b4  __mspabi_srai_3               
0000c9b6  __mspabi_srai_2               
0000c9b8  __mspabi_srai_1               
0000c9bc  __mspabi_divi                 
0000c9bc  __mspabi_remi                 
0000c9e8  __mspabi_slli                 
0000c9f4  __mspabi_slli_15              
0000c9f6  __mspabi_slli_14              
0000c9f8  __mspabi_slli_13              
0000c9fa  __mspabi_slli_12              
0000c9fc  __mspabi_slli_11              
0000c9fe  __mspabi_slli_10              
0000ca00  __mspabi_slli_9               
0000ca02  __mspabi_slli_8               
0000ca04  __mspabi_slli_7               
0000ca06  __mspabi_slli_6               
0000ca08  __mspabi_slli_5               
0000ca0a  __mspabi_slli_4               
0000ca0c  __mspabi_slli_3               
0000ca0e  __mspabi_slli_2               
0000ca10  __mspabi_slli_1               
0000ca14  __mspabi_mpyl                 
0000ca14  __mspabi_mpyl_sw              
0000ca3a  __mspabi_mpyul                
0000ca3a  __mspabi_mpyul_sw             
0000ca5c  config_signal                 
0000ca7c  __mspabi_mpyull               
0000ca7c  __mspabi_mpyull_sw            
0000ca9a  _c_int00_noargs               
0000cab6  __mspabi_divu                 
0000cab6  __mspabi_remu                 
0000cacc  __mspabi_mpyi                 
0000cacc  __mspabi_mpyi_sw              
0000cae0  __mspabi_fixdu                
0000caf2  __TI_decompress_none          
0000cb04  __mspabi_srll                 
0000cb16  memcpy                        
0000cb28  __mspabi_func_epilog_7        
0000cb2a  __mspabi_func_epilog_6        
0000cb2c  __mspabi_func_epilog_5        
0000cb2e  __mspabi_func_epilog_4        
0000cb30  __mspabi_func_epilog_3        
0000cb32  __mspabi_func_epilog_2        
0000cb34  __mspabi_func_epilog_1        
0000cb38  tourner_droite                
0000cb48  avancer                       
0000cb54  reculer                       
0000cb60  __TI_ISR_TRAP                 
0000cb68  __mspabi_fltud                
0000cb6e  C$$EXIT                       
0000cb6e  abort                         
0000cb74  _system_pre_init              
0000cb78  _system_post_cinit            
0000cb82  __TI_Handler_Table_Base       
0000cb86  __TI_CINIT_Base               
0000cb86  __TI_Handler_Table_Limit      
0000cb8a  __TI_CINIT_Limit              
0000cb8a  __TI_CINIT_Warm               
0000ffe0  __TI_int00                    
0000ffe4  __TI_int02                    
0000ffe6  __TI_int03                    
0000ffea  __TI_int05                    
0000ffec  __TI_int06                    
0000ffee  __TI_int07                    
0000fff0  __TI_int08                    
0000fff2  __TI_int09                    
0000fff4  __TI_int10                    
0000fff6  __TI_int11                    
0000fff8  __TI_int12                    
0000fffa  __TI_int13                    
0000fffc  __TI_int14                    
0000fffe  _reset_vector                 
ffffffff  __TI_pprof_out_hndl           
ffffffff  __TI_prof_data_size           
ffffffff  __TI_prof_data_start          
ffffffff  __c_args__                    

[253 symbols]
