<?xml version="1.0" encoding="ISO-8859-1" ?>
<link_info>
   <banner>MSP430 Linker PC v21.6.1.LTS</banner>
   <copyright>Copyright (c) 2003-2018 Texas Instruments Incorporated</copyright>
   <link_time>0x6ab27d56</link_time>
   <link_errors>0x0</link_errors>
   <output_file>Projet_GROUPE_4.out</output_file>
   <entry_point>
      <name>_c_int00_noargs</name>
      <address>0xca1c</address>
   </entry_point>
   <input_file_list>
      <input_file id="fl-2">
         <path>.\</path>
         <kind>object</kind>
         <file>main.obj</file>
         <name>main.obj</name>
      </input_file>
      <input_file id="fl-7">
         <kind>object</kind>
         <file>&lt;internal&gt;</file>
         <name>&lt;internal&gt;</name>
      </input_file>
      <input_file id="fl-1d">
         <path>C:\ti\ccs2020\ccs\tools\compiler\ti-cgt-msp430_21.6.1.LTS\lib\</path>
         <kind>archive</kind>
         <file>rts430_eabi.lib</file>
         <name>epilog.asm.obj</name>
      </input_file>
      <input_file id="fl-1e">
         <path>C:\ti\ccs2020\ccs\tools\compiler\ti-cgt-msp430_21.6.1.LTS\lib\</path>
         <kind>archive</kind>
         <file>rts430_eabi.lib</file>
         <name>int00.asm.obj</name>
      </input_file>
      <input_file id="fl-1f">
         <path>C:\ti\ccs2020\ccs\tools\compiler\ti-cgt-msp430_21.6.1.LTS\lib\</path>
         <kind>archive</kind>
         <file>rts430_eabi.lib</file>
         <name>int02.asm.obj</name>
      </input_file>
      <input_file id="fl-20">
         <path>C:\ti\ccs2020\ccs\tools\compiler\ti-cgt-msp430_21.6.1.LTS\lib\</path>
         <kind>archive</kind>
         <file>rts430_eabi.lib</file>
         <name>int05.asm.obj</name>
      </input_file>
      <input_file id="fl-21">
         <path>C:\ti\ccs2020\ccs\tools\compiler\ti-cgt-msp430_21.6.1.LTS\lib\</path>
         <kind>archive</kind>
         <file>rts430_eabi.lib</file>
         <name>int06.asm.obj</name>
      </input_file>
      <input_file id="fl-22">
         <path>C:\ti\ccs2020\ccs\tools\compiler\ti-cgt-msp430_21.6.1.LTS\lib\</path>
         <kind>archive</kind>
         <file>rts430_eabi.lib</file>
         <name>int07.asm.obj</name>
      </input_file>
      <input_file id="fl-23">
         <path>C:\ti\ccs2020\ccs\tools\compiler\ti-cgt-msp430_21.6.1.LTS\lib\</path>
         <kind>archive</kind>
         <file>rts430_eabi.lib</file>
         <name>int08.asm.obj</name>
      </input_file>
      <input_file id="fl-24">
         <path>C:\ti\ccs2020\ccs\tools\compiler\ti-cgt-msp430_21.6.1.LTS\lib\</path>
         <kind>archive</kind>
         <file>rts430_eabi.lib</file>
         <name>int09.asm.obj</name>
      </input_file>
      <input_file id="fl-25">
         <path>C:\ti\ccs2020\ccs\tools\compiler\ti-cgt-msp430_21.6.1.LTS\lib\</path>
         <kind>archive</kind>
         <file>rts430_eabi.lib</file>
         <name>int10.asm.obj</name>
      </input_file>
      <input_file id="fl-26">
         <path>C:\ti\ccs2020\ccs\tools\compiler\ti-cgt-msp430_21.6.1.LTS\lib\</path>
         <kind>archive</kind>
         <file>rts430_eabi.lib</file>
         <name>int11.asm.obj</name>
      </input_file>
      <input_file id="fl-27">
         <path>C:\ti\ccs2020\ccs\tools\compiler\ti-cgt-msp430_21.6.1.LTS\lib\</path>
         <kind>archive</kind>
         <file>rts430_eabi.lib</file>
         <name>int12.asm.obj</name>
      </input_file>
      <input_file id="fl-28">
         <path>C:\ti\ccs2020\ccs\tools\compiler\ti-cgt-msp430_21.6.1.LTS\lib\</path>
         <kind>archive</kind>
         <file>rts430_eabi.lib</file>
         <name>int13.asm.obj</name>
      </input_file>
      <input_file id="fl-29">
         <path>C:\ti\ccs2020\ccs\tools\compiler\ti-cgt-msp430_21.6.1.LTS\lib\</path>
         <kind>archive</kind>
         <file>rts430_eabi.lib</file>
         <name>int14.asm.obj</name>
      </input_file>
      <input_file id="fl-2a">
         <path>C:\ti\ccs2020\ccs\tools\compiler\ti-cgt-msp430_21.6.1.LTS\lib\</path>
         <kind>archive</kind>
         <file>rts430_eabi.lib</file>
         <name>isr_trap.asm.obj</name>
      </input_file>
      <input_file id="fl-2b">
         <path>C:\ti\ccs2020\ccs\tools\compiler\ti-cgt-msp430_21.6.1.LTS\lib\</path>
         <kind>archive</kind>
         <file>rts430_eabi.lib</file>
         <name>boot.c.obj</name>
      </input_file>
      <input_file id="fl-2c">
         <path>C:\ti\ccs2020\ccs\tools\compiler\ti-cgt-msp430_21.6.1.LTS\lib\</path>
         <kind>archive</kind>
         <file>rts430_eabi.lib</file>
         <name>autoinit.c.obj</name>
      </input_file>
      <input_file id="fl-2d">
         <path>C:\ti\ccs2020\ccs\tools\compiler\ti-cgt-msp430_21.6.1.LTS\lib\</path>
         <kind>archive</kind>
         <file>rts430_eabi.lib</file>
         <name>copy_zero_init.c.obj</name>
      </input_file>
      <input_file id="fl-2e">
         <path>C:\ti\ccs2020\ccs\tools\compiler\ti-cgt-msp430_21.6.1.LTS\lib\</path>
         <kind>archive</kind>
         <file>rts430_eabi.lib</file>
         <name>cpy_tbl.c.obj</name>
      </input_file>
      <input_file id="fl-2f">
         <path>C:\ti\ccs2020\ccs\tools\compiler\ti-cgt-msp430_21.6.1.LTS\lib\</path>
         <kind>archive</kind>
         <file>rts430_eabi.lib</file>
         <name>mpu_init.c.obj</name>
      </input_file>
      <input_file id="fl-30">
         <path>C:\ti\ccs2020\ccs\tools\compiler\ti-cgt-msp430_21.6.1.LTS\lib\</path>
         <kind>archive</kind>
         <file>rts430_eabi.lib</file>
         <name>pre_init.c.obj</name>
      </input_file>
      <input_file id="fl-31">
         <path>C:\ti\ccs2020\ccs\tools\compiler\ti-cgt-msp430_21.6.1.LTS\lib\</path>
         <kind>archive</kind>
         <file>rts430_eabi.lib</file>
         <name>startup.c.obj</name>
      </input_file>
      <input_file id="fl-32">
         <path>C:\ti\ccs2020\ccs\tools\compiler\ti-cgt-msp430_21.6.1.LTS\lib\</path>
         <kind>archive</kind>
         <file>rts430_eabi.lib</file>
         <name>copy_decompress_none.c.obj</name>
      </input_file>
      <input_file id="fl-33">
         <path>C:\ti\ccs2020\ccs\tools\compiler\ti-cgt-msp430_21.6.1.LTS\lib\</path>
         <kind>archive</kind>
         <file>rts430_eabi.lib</file>
         <name>copy_decompress_lzss.c.obj</name>
      </input_file>
      <input_file id="fl-34">
         <path>C:\ti\ccs2020\ccs\tools\compiler\ti-cgt-msp430_21.6.1.LTS\lib\</path>
         <kind>archive</kind>
         <file>rts430_eabi.lib</file>
         <name>fixdu.c.obj</name>
      </input_file>
      <input_file id="fl-35">
         <path>C:\ti\ccs2020\ccs\tools\compiler\ti-cgt-msp430_21.6.1.LTS\lib\</path>
         <kind>archive</kind>
         <file>rts430_eabi.lib</file>
         <name>fixdul.c.obj</name>
      </input_file>
      <input_file id="fl-36">
         <path>C:\ti\ccs2020\ccs\tools\compiler\ti-cgt-msp430_21.6.1.LTS\lib\</path>
         <kind>archive</kind>
         <file>rts430_eabi.lib</file>
         <name>fltud.c.obj</name>
      </input_file>
      <input_file id="fl-37">
         <path>C:\ti\ccs2020\ccs\tools\compiler\ti-cgt-msp430_21.6.1.LTS\lib\</path>
         <kind>archive</kind>
         <file>rts430_eabi.lib</file>
         <name>fltuld.c.obj</name>
      </input_file>
      <input_file id="fl-38">
         <path>C:\ti\ccs2020\ccs\tools\compiler\ti-cgt-msp430_21.6.1.LTS\lib\</path>
         <kind>archive</kind>
         <file>rts430_eabi.lib</file>
         <name>mpyd.c.obj</name>
      </input_file>
      <input_file id="fl-39">
         <path>C:\ti\ccs2020\ccs\tools\compiler\ti-cgt-msp430_21.6.1.LTS\lib\</path>
         <kind>archive</kind>
         <file>rts430_eabi.lib</file>
         <name>exit.c.obj</name>
      </input_file>
      <input_file id="fl-3a">
         <path>C:\ti\ccs2020\ccs\tools\compiler\ti-cgt-msp430_21.6.1.LTS\lib\</path>
         <kind>archive</kind>
         <file>rts430_eabi.lib</file>
         <name>_lock.c.obj</name>
      </input_file>
      <input_file id="fl-3b">
         <path>C:\ti\ccs2020\ccs\tools\compiler\ti-cgt-msp430_21.6.1.LTS\lib\</path>
         <kind>archive</kind>
         <file>rts430_eabi.lib</file>
         <name>args_main.c.obj</name>
      </input_file>
      <input_file id="fl-3c">
         <path>C:\ti\ccs2020\ccs\tools\compiler\ti-cgt-msp430_21.6.1.LTS\lib\</path>
         <kind>archive</kind>
         <file>rts430_eabi.lib</file>
         <name>memcpy.c.obj</name>
      </input_file>
      <input_file id="fl-3d">
         <path>C:\ti\ccs2020\ccs\tools\compiler\ti-cgt-msp430_21.6.1.LTS\lib\</path>
         <kind>archive</kind>
         <file>rts430_eabi.lib</file>
         <name>asr16.asm.obj</name>
      </input_file>
      <input_file id="fl-3e">
         <path>C:\ti\ccs2020\ccs\tools\compiler\ti-cgt-msp430_21.6.1.LTS\lib\</path>
         <kind>archive</kind>
         <file>rts430_eabi.lib</file>
         <name>lsl16.asm.obj</name>
      </input_file>
      <input_file id="fl-3f">
         <path>C:\ti\ccs2020\ccs\tools\compiler\ti-cgt-msp430_21.6.1.LTS\lib\</path>
         <kind>archive</kind>
         <file>rts430_eabi.lib</file>
         <name>lsl32.asm.obj</name>
      </input_file>
      <input_file id="fl-40">
         <path>C:\ti\ccs2020\ccs\tools\compiler\ti-cgt-msp430_21.6.1.LTS\lib\</path>
         <kind>archive</kind>
         <file>rts430_eabi.lib</file>
         <name>lsr16.asm.obj</name>
      </input_file>
      <input_file id="fl-41">
         <path>C:\ti\ccs2020\ccs\tools\compiler\ti-cgt-msp430_21.6.1.LTS\lib\</path>
         <kind>archive</kind>
         <file>rts430_eabi.lib</file>
         <name>lsr32.asm.obj</name>
      </input_file>
      <input_file id="fl-42">
         <path>C:\ti\ccs2020\ccs\tools\compiler\ti-cgt-msp430_21.6.1.LTS\lib\</path>
         <kind>archive</kind>
         <file>rts430_eabi.lib</file>
         <name>mult16.asm.obj</name>
      </input_file>
      <input_file id="fl-43">
         <path>C:\ti\ccs2020\ccs\tools\compiler\ti-cgt-msp430_21.6.1.LTS\lib\</path>
         <kind>archive</kind>
         <file>rts430_eabi.lib</file>
         <name>exit_gvars.c.obj</name>
      </input_file>
      <input_file id="fl-44">
         <path>C:\ti\ccs2020\ccs\tools\compiler\ti-cgt-msp430_21.6.1.LTS\lib\</path>
         <kind>archive</kind>
         <file>rts430_eabi.lib</file>
         <name>lsr64.c.obj</name>
      </input_file>
      <input_file id="fl-45">
         <path>C:\ti\ccs2020\ccs\tools\compiler\ti-cgt-msp430_21.6.1.LTS\lib\</path>
         <kind>archive</kind>
         <file>rts430_eabi.lib</file>
         <name>frcmpyd.c.obj</name>
      </input_file>
      <input_file id="fl-46">
         <path>C:\ti\ccs2020\ccs\tools\compiler\ti-cgt-msp430_21.6.1.LTS\lib\</path>
         <kind>archive</kind>
         <file>rts430_eabi.lib</file>
         <name>mult3264.asm.obj</name>
      </input_file>
      <input_file id="fl-47">
         <path>C:\ti\ccs2020\ccs\tools\compiler\ti-cgt-msp430_21.6.1.LTS\lib\</path>
         <kind>archive</kind>
         <file>rts430_eabi.lib</file>
         <name>mult64.asm.obj</name>
      </input_file>
      <input_file id="fl-48">
         <path>C:\ti\ccs2020\ccs\tools\compiler\ti-cgt-msp430_21.6.1.LTS\lib\</path>
         <kind>archive</kind>
         <file>rts430_eabi.lib</file>
         <name>lsl64.c.obj</name>
      </input_file>
      <input_file id="fl-49">
         <path>C:\ti\ccs2020\ccs\tools\compiler\ti-cgt-msp430_21.6.1.LTS\lib\</path>
         <kind>archive</kind>
         <file>rts430_eabi.lib</file>
         <name>mult1632.asm.obj</name>
      </input_file>
      <input_file id="fl-4a">
         <path>C:\ti\ccs2020\ccs\tools\compiler\ti-cgt-msp430_21.6.1.LTS\lib\</path>
         <kind>archive</kind>
         <file>rts430_eabi.lib</file>
         <name>mult32.asm.obj</name>
      </input_file>
   </input_file_list>
   <object_component_list>
      <object_component id="oc-13d">
         <name>.data</name>
         <load_address>0x200</load_address>
         <run_address>0x200</run_address>
         <size>0x4</size>
         <input_file_ref idref="fl-2"/>
      </object_component>
      <object_component id="oc-b1">
         <name>.stack</name>
         <uninitialized>true</uninitialized>
         <run_address>0x3b0</run_address>
         <size>0x2</size>
         <input_file_ref idref="fl-2b"/>
      </object_component>
      <object_component id="oc-2e9">
         <name>.stack</name>
         <uninitialized>true</uninitialized>
         <run_address>0x3b0</run_address>
         <size>0x0</size>
      </object_component>
      <object_component id="oc-1cc">
         <name>.text:__mspabi_mpyd</name>
         <load_address>0xc000</load_address>
         <run_address>0xc000</run_address>
         <size>0x2c0</size>
         <input_file_ref idref="fl-38"/>
      </object_component>
      <object_component id="oc-218">
         <name>.text:__TI_frcmpyd</name>
         <load_address>0xc2c0</load_address>
         <run_address>0xc2c0</run_address>
         <size>0x172</size>
         <input_file_ref idref="fl-45"/>
      </object_component>
      <object_component id="oc-26c">
         <name>.text:__mpyll</name>
         <load_address>0xc432</load_address>
         <run_address>0xc432</run_address>
         <size>0x114</size>
         <input_file_ref idref="fl-47"/>
      </object_component>
      <object_component id="oc-20c">
         <name>.text:__mspabi_fltuld</name>
         <load_address>0xc546</load_address>
         <run_address>0xc546</run_address>
         <size>0x8a</size>
         <input_file_ref idref="fl-37"/>
      </object_component>
      <object_component id="oc-34">
         <name>.text:decompress:lzss:__TI_decompress_lzss</name>
         <load_address>0xc5d0</load_address>
         <run_address>0xc5d0</run_address>
         <size>0x7c</size>
         <input_file_ref idref="fl-33"/>
      </object_component>
      <object_component id="oc-225">
         <name>.text:__mspabi_fixdul</name>
         <load_address>0xc64c</load_address>
         <run_address>0xc64c</run_address>
         <size>0x74</size>
         <input_file_ref idref="fl-35"/>
      </object_component>
      <object_component id="oc-25e">
         <name>.text:l_lsr_const</name>
         <load_address>0xc6c0</load_address>
         <run_address>0xc6c0</run_address>
         <size>0x5c</size>
         <input_file_ref idref="fl-41"/>
      </object_component>
      <object_component id="oc-180">
         <name>.text:config_signal</name>
         <load_address>0xc71c</load_address>
         <run_address>0xc71c</run_address>
         <size>0x5a</size>
         <input_file_ref idref="fl-2"/>
      </object_component>
      <object_component id="oc-155">
         <name>.text:main</name>
         <load_address>0xc776</load_address>
         <run_address>0xc776</run_address>
         <size>0x54</size>
         <input_file_ref idref="fl-2"/>
      </object_component>
      <object_component id="oc-ba">
         <name>.text</name>
         <load_address>0xc7ca</load_address>
         <run_address>0xc7ca</run_address>
         <size>0x4c</size>
         <input_file_ref idref="fl-40"/>
      </object_component>
      <object_component id="oc-276">
         <name>.text:__mspabi_srlll</name>
         <load_address>0xc816</load_address>
         <run_address>0xc816</run_address>
         <size>0x46</size>
         <input_file_ref idref="fl-44"/>
      </object_component>
      <object_component id="oc-266">
         <name>.text:__mspabi_sllll</name>
         <load_address>0xc85c</load_address>
         <run_address>0xc85c</run_address>
         <size>0x44</size>
         <input_file_ref idref="fl-48"/>
      </object_component>
      <object_component id="oc-193">
         <name>.text:__TI_auto_init_nobinit_nopinit:__TI_auto_init_nobinit_nopinit</name>
         <load_address>0xc8a0</load_address>
         <run_address>0xc8a0</run_address>
         <size>0x42</size>
         <input_file_ref idref="fl-2c"/>
      </object_component>
      <object_component id="oc-259">
         <name>.text:l_lsl_const</name>
         <load_address>0xc8e2</load_address>
         <run_address>0xc8e2</run_address>
         <size>0x3e</size>
         <input_file_ref idref="fl-3f"/>
      </object_component>
      <object_component id="oc-e1">
         <name>.text:ma_interrupt_opto_0</name>
         <load_address>0xc920</load_address>
         <run_address>0xc920</run_address>
         <size>0x3e</size>
         <input_file_ref idref="fl-2"/>
      </object_component>
      <object_component id="oc-213">
         <name>.text</name>
         <load_address>0xc95e</load_address>
         <run_address>0xc95e</run_address>
         <size>0x2c</size>
         <input_file_ref idref="fl-3d"/>
      </object_component>
      <object_component id="oc-b5">
         <name>.text</name>
         <load_address>0xc98a</load_address>
         <run_address>0xc98a</run_address>
         <size>0x2c</size>
         <input_file_ref idref="fl-3e"/>
      </object_component>
      <object_component id="oc-297">
         <name>.text</name>
         <load_address>0xc9b6</load_address>
         <run_address>0xc9b6</run_address>
         <size>0x26</size>
         <input_file_ref idref="fl-4a"/>
      </object_component>
      <object_component id="oc-29c">
         <name>.text:__mpyul</name>
         <load_address>0xc9dc</load_address>
         <run_address>0xc9dc</run_address>
         <size>0x22</size>
         <input_file_ref idref="fl-49"/>
      </object_component>
      <object_component id="oc-271">
         <name>.text:__mpyull</name>
         <load_address>0xc9fe</load_address>
         <run_address>0xc9fe</run_address>
         <size>0x1e</size>
         <input_file_ref idref="fl-46"/>
      </object_component>
      <object_component id="oc-f9">
         <name>.text:_c_int00_noargs</name>
         <load_address>0xca1c</load_address>
         <run_address>0xca1c</run_address>
         <size>0x1c</size>
         <input_file_ref idref="fl-2b"/>
      </object_component>
      <object_component id="oc-1d2">
         <name>.text:__mspabi_fixdu</name>
         <load_address>0xca38</load_address>
         <run_address>0xca38</run_address>
         <size>0x12</size>
         <input_file_ref idref="fl-34"/>
      </object_component>
      <object_component id="oc-3a">
         <name>.text:decompress:none:__TI_decompress_none</name>
         <load_address>0xca4a</load_address>
         <run_address>0xca4a</run_address>
         <size>0x12</size>
         <input_file_ref idref="fl-32"/>
      </object_component>
      <object_component id="oc-27f">
         <name>.text:l_lsr</name>
         <load_address>0xca5c</load_address>
         <run_address>0xca5c</run_address>
         <size>0x12</size>
         <input_file_ref idref="fl-41"/>
      </object_component>
      <object_component id="oc-cf">
         <name>.text:memcpy</name>
         <load_address>0xca6e</load_address>
         <run_address>0xca6e</run_address>
         <size>0x12</size>
         <input_file_ref idref="fl-3c"/>
      </object_component>
      <object_component id="oc-bf">
         <name>.text</name>
         <load_address>0xca80</load_address>
         <run_address>0xca80</run_address>
         <size>0x10</size>
         <input_file_ref idref="fl-1d"/>
      </object_component>
      <object_component id="oc-140">
         <name>.text:arret</name>
         <load_address>0xca90</load_address>
         <run_address>0xca90</run_address>
         <size>0xa</size>
         <input_file_ref idref="fl-2"/>
      </object_component>
      <object_component id="oc-dc">
         <name>.text:_isr:__TI_ISR_TRAP</name>
         <load_address>0xca9a</load_address>
         <run_address>0xca9a</run_address>
         <size>0x8</size>
         <input_file_ref idref="fl-2a"/>
      </object_component>
      <object_component id="oc-1c6">
         <name>.text:__mspabi_fltud</name>
         <load_address>0xcaa2</load_address>
         <run_address>0xcaa2</run_address>
         <size>0x6</size>
         <input_file_ref idref="fl-36"/>
      </object_component>
      <object_component id="oc-187">
         <name>.text:abort</name>
         <load_address>0xcaa8</load_address>
         <run_address>0xcaa8</run_address>
         <size>0x6</size>
         <input_file_ref idref="fl-39"/>
      </object_component>
      <object_component id="oc-14f">
         <name>.text:_system_pre_init</name>
         <load_address>0xcaae</load_address>
         <run_address>0xcaae</run_address>
         <size>0x4</size>
         <input_file_ref idref="fl-30"/>
      </object_component>
      <object_component id="oc-1eb">
         <name>.text:_system_post_cinit</name>
         <load_address>0xcab2</load_address>
         <run_address>0xcab2</run_address>
         <size>0x2</size>
         <input_file_ref idref="fl-31"/>
      </object_component>
      <object_component id="oc-2e8">
         <name>.cinit..data.load</name>
         <load_address>0xcab4</load_address>
         <run_address>0xcab4</run_address>
         <size>0x7</size>
      </object_component>
      <object_component id="oc-2e6">
         <name>__TI_handler_table</name>
         <load_address>0xcabc</load_address>
         <run_address>0xcabc</run_address>
         <size>0x4</size>
      </object_component>
      <object_component id="oc-2e7">
         <name>__TI_cinit_table</name>
         <load_address>0xcac0</load_address>
         <run_address>0xcac0</run_address>
         <size>0x4</size>
      </object_component>
      <object_component id="oc-2a8">
         <name>.binit</name>
         <load_address>0xc000</load_address>
         <run_address>0xc000</run_address>
         <size>0x0</size>
      </object_component>
      <object_component id="oc-40">
         <name>.int00</name>
         <load_address>0xffe0</load_address>
         <run_address>0xffe0</run_address>
         <size>0x2</size>
         <input_file_ref idref="fl-1e"/>
      </object_component>
      <object_component id="oc-41">
         <name>.int02</name>
         <load_address>0xffe4</load_address>
         <run_address>0xffe4</run_address>
         <size>0x2</size>
         <input_file_ref idref="fl-1f"/>
      </object_component>
      <object_component id="oc-42">
         <name>.int03</name>
         <load_address>0xffe6</load_address>
         <run_address>0xffe6</run_address>
         <size>0x2</size>
         <input_file_ref idref="fl-2"/>
      </object_component>
      <object_component id="oc-43">
         <name>.int05</name>
         <load_address>0xffea</load_address>
         <run_address>0xffea</run_address>
         <size>0x2</size>
         <input_file_ref idref="fl-20"/>
      </object_component>
      <object_component id="oc-44">
         <name>.int06</name>
         <load_address>0xffec</load_address>
         <run_address>0xffec</run_address>
         <size>0x2</size>
         <input_file_ref idref="fl-21"/>
      </object_component>
      <object_component id="oc-45">
         <name>.int07</name>
         <load_address>0xffee</load_address>
         <run_address>0xffee</run_address>
         <size>0x2</size>
         <input_file_ref idref="fl-22"/>
      </object_component>
      <object_component id="oc-46">
         <name>.int08</name>
         <load_address>0xfff0</load_address>
         <run_address>0xfff0</run_address>
         <size>0x2</size>
         <input_file_ref idref="fl-23"/>
      </object_component>
      <object_component id="oc-47">
         <name>.int09</name>
         <load_address>0xfff2</load_address>
         <run_address>0xfff2</run_address>
         <size>0x2</size>
         <input_file_ref idref="fl-24"/>
      </object_component>
      <object_component id="oc-48">
         <name>.int10</name>
         <load_address>0xfff4</load_address>
         <run_address>0xfff4</run_address>
         <size>0x2</size>
         <input_file_ref idref="fl-25"/>
      </object_component>
      <object_component id="oc-49">
         <name>.int11</name>
         <load_address>0xfff6</load_address>
         <run_address>0xfff6</run_address>
         <size>0x2</size>
         <input_file_ref idref="fl-26"/>
      </object_component>
      <object_component id="oc-4a">
         <name>.int12</name>
         <load_address>0xfff8</load_address>
         <run_address>0xfff8</run_address>
         <size>0x2</size>
         <input_file_ref idref="fl-27"/>
      </object_component>
      <object_component id="oc-4b">
         <name>.int13</name>
         <load_address>0xfffa</load_address>
         <run_address>0xfffa</run_address>
         <size>0x2</size>
         <input_file_ref idref="fl-28"/>
      </object_component>
      <object_component id="oc-4c">
         <name>.int14</name>
         <load_address>0xfffc</load_address>
         <run_address>0xfffc</run_address>
         <size>0x2</size>
         <input_file_ref idref="fl-29"/>
      </object_component>
      <object_component id="oc-b4">
         <name>.reset</name>
         <load_address>0xfffe</load_address>
         <run_address>0xfffe</run_address>
         <size>0x2</size>
         <input_file_ref idref="fl-2b"/>
      </object_component>
      <object_component id="oc-13e">
         <name>.debug_info</name>
         <load_address>0x0</load_address>
         <run_address>0x0</run_address>
         <size>0x103</size>
         <input_file_ref idref="fl-2"/>
      </object_component>
      <object_component id="oc-181">
         <name>.debug_info</name>
         <load_address>0x103</load_address>
         <run_address>0x103</run_address>
         <size>0x14c</size>
         <input_file_ref idref="fl-2"/>
      </object_component>
      <object_component id="oc-158">
         <name>.debug_info</name>
         <load_address>0x24f</load_address>
         <run_address>0x24f</run_address>
         <size>0x10e</size>
         <input_file_ref idref="fl-2"/>
      </object_component>
      <object_component id="oc-e5">
         <name>.debug_info</name>
         <load_address>0x35d</load_address>
         <run_address>0x35d</run_address>
         <size>0x127</size>
         <input_file_ref idref="fl-2"/>
      </object_component>
      <object_component id="oc-141">
         <name>.debug_info</name>
         <load_address>0x484</load_address>
         <run_address>0x484</run_address>
         <size>0xfe</size>
         <input_file_ref idref="fl-2"/>
      </object_component>
      <object_component id="oc-ca">
         <name>.debug_info</name>
         <load_address>0x582</load_address>
         <run_address>0x582</run_address>
         <size>0x84</size>
         <input_file_ref idref="fl-2"/>
      </object_component>
      <object_component id="oc-c0">
         <name>.debug_info</name>
         <load_address>0x606</load_address>
         <run_address>0x606</run_address>
         <size>0x12e</size>
         <input_file_ref idref="fl-1d"/>
      </object_component>
      <object_component id="oc-de">
         <name>.debug_info</name>
         <load_address>0x734</load_address>
         <run_address>0x734</run_address>
         <size>0x10f</size>
         <input_file_ref idref="fl-2a"/>
      </object_component>
      <object_component id="oc-b2">
         <name>.debug_info</name>
         <load_address>0x843</load_address>
         <run_address>0x843</run_address>
         <size>0x100</size>
         <input_file_ref idref="fl-2b"/>
      </object_component>
      <object_component id="oc-fc">
         <name>.debug_info</name>
         <load_address>0x943</load_address>
         <run_address>0x943</run_address>
         <size>0x17a</size>
         <input_file_ref idref="fl-2b"/>
      </object_component>
      <object_component id="oc-1f2">
         <name>.debug_info</name>
         <load_address>0xabd</load_address>
         <run_address>0xabd</run_address>
         <size>0x3de</size>
         <input_file_ref idref="fl-2c"/>
      </object_component>
      <object_component id="oc-196">
         <name>.debug_info</name>
         <load_address>0xe9b</load_address>
         <run_address>0xe9b</run_address>
         <size>0x1e0</size>
         <input_file_ref idref="fl-2c"/>
      </object_component>
      <object_component id="oc-243">
         <name>.debug_info</name>
         <load_address>0x107b</load_address>
         <run_address>0x107b</run_address>
         <size>0x39</size>
         <input_file_ref idref="fl-2c"/>
      </object_component>
      <object_component id="oc-254">
         <name>.debug_info</name>
         <load_address>0x10b4</load_address>
         <run_address>0x10b4</run_address>
         <size>0x2c</size>
         <input_file_ref idref="fl-2c"/>
      </object_component>
      <object_component id="oc-1fd">
         <name>.debug_info</name>
         <load_address>0x10e0</load_address>
         <run_address>0x10e0</run_address>
         <size>0x2c</size>
         <input_file_ref idref="fl-2c"/>
      </object_component>
      <object_component id="oc-248">
         <name>.debug_info</name>
         <load_address>0x110c</load_address>
         <run_address>0x110c</run_address>
         <size>0xcd</size>
         <input_file_ref idref="fl-2c"/>
      </object_component>
      <object_component id="oc-130">
         <name>.debug_info</name>
         <load_address>0x11d9</load_address>
         <run_address>0x11d9</run_address>
         <size>0x2c</size>
         <input_file_ref idref="fl-2d"/>
      </object_component>
      <object_component id="oc-150">
         <name>.debug_info</name>
         <load_address>0x1205</load_address>
         <run_address>0x1205</run_address>
         <size>0x153</size>
         <input_file_ref idref="fl-30"/>
      </object_component>
      <object_component id="oc-1ee">
         <name>.debug_info</name>
         <load_address>0x1358</load_address>
         <run_address>0x1358</run_address>
         <size>0x150</size>
         <input_file_ref idref="fl-31"/>
      </object_component>
      <object_component id="oc-db">
         <name>.debug_info</name>
         <load_address>0x14a8</load_address>
         <run_address>0x14a8</run_address>
         <size>0x180</size>
         <input_file_ref idref="fl-32"/>
      </object_component>
      <object_component id="oc-3b">
         <name>.debug_info</name>
         <load_address>0x1628</load_address>
         <run_address>0x1628</run_address>
         <size>0x1ea</size>
         <input_file_ref idref="fl-32"/>
      </object_component>
      <object_component id="oc-d6">
         <name>.debug_info</name>
         <load_address>0x1812</load_address>
         <run_address>0x1812</run_address>
         <size>0x46</size>
         <input_file_ref idref="fl-32"/>
      </object_component>
      <object_component id="oc-135">
         <name>.debug_info</name>
         <load_address>0x1858</load_address>
         <run_address>0x1858</run_address>
         <size>0x2c</size>
         <input_file_ref idref="fl-32"/>
      </object_component>
      <object_component id="oc-12d">
         <name>.debug_info</name>
         <load_address>0x1884</load_address>
         <run_address>0x1884</run_address>
         <size>0x176</size>
         <input_file_ref idref="fl-33"/>
      </object_component>
      <object_component id="oc-35">
         <name>.debug_info</name>
         <load_address>0x19fa</load_address>
         <run_address>0x19fa</run_address>
         <size>0x292</size>
         <input_file_ref idref="fl-33"/>
      </object_component>
      <object_component id="oc-c5">
         <name>.debug_info</name>
         <load_address>0x1c8c</load_address>
         <run_address>0x1c8c</run_address>
         <size>0x60</size>
         <input_file_ref idref="fl-33"/>
      </object_component>
      <object_component id="oc-171">
         <name>.debug_info</name>
         <load_address>0x1cec</load_address>
         <run_address>0x1cec</run_address>
         <size>0x46</size>
         <input_file_ref idref="fl-33"/>
      </object_component>
      <object_component id="oc-128">
         <name>.debug_info</name>
         <load_address>0x1d32</load_address>
         <run_address>0x1d32</run_address>
         <size>0x39</size>
         <input_file_ref idref="fl-33"/>
      </object_component>
      <object_component id="oc-1d5">
         <name>.debug_info</name>
         <load_address>0x1d6b</load_address>
         <run_address>0x1d6b</run_address>
         <size>0x16b</size>
         <input_file_ref idref="fl-34"/>
      </object_component>
      <object_component id="oc-226">
         <name>.debug_info</name>
         <load_address>0x1ed6</load_address>
         <run_address>0x1ed6</run_address>
         <size>0x1c0</size>
         <input_file_ref idref="fl-35"/>
      </object_component>
      <object_component id="oc-220">
         <name>.debug_info</name>
         <load_address>0x2096</load_address>
         <run_address>0x2096</run_address>
         <size>0x94</size>
         <input_file_ref idref="fl-35"/>
      </object_component>
      <object_component id="oc-1c7">
         <name>.debug_info</name>
         <load_address>0x212a</load_address>
         <run_address>0x212a</run_address>
         <size>0x166</size>
         <input_file_ref idref="fl-36"/>
      </object_component>
      <object_component id="oc-264">
         <name>.debug_info</name>
         <load_address>0x2290</load_address>
         <run_address>0x2290</run_address>
         <size>0x16b</size>
         <input_file_ref idref="fl-37"/>
      </object_component>
      <object_component id="oc-20d">
         <name>.debug_info</name>
         <load_address>0x23fb</load_address>
         <run_address>0x23fb</run_address>
         <size>0x1e3</size>
         <input_file_ref idref="fl-37"/>
      </object_component>
      <object_component id="oc-21f">
         <name>.debug_info</name>
         <load_address>0x25de</load_address>
         <run_address>0x25de</run_address>
         <size>0x197</size>
         <input_file_ref idref="fl-38"/>
      </object_component>
      <object_component id="oc-1cd">
         <name>.debug_info</name>
         <load_address>0x2775</load_address>
         <run_address>0x2775</run_address>
         <size>0x2d2</size>
         <input_file_ref idref="fl-38"/>
      </object_component>
      <object_component id="oc-18a">
         <name>.debug_info</name>
         <load_address>0x2a47</load_address>
         <run_address>0x2a47</run_address>
         <size>0x122</size>
         <input_file_ref idref="fl-39"/>
      </object_component>
      <object_component id="oc-12f">
         <name>.debug_info</name>
         <load_address>0x2b69</load_address>
         <run_address>0x2b69</run_address>
         <size>0x181</size>
         <input_file_ref idref="fl-3c"/>
      </object_component>
      <object_component id="oc-d1">
         <name>.debug_info</name>
         <load_address>0x2cea</load_address>
         <run_address>0x2cea</run_address>
         <size>0x17a</size>
         <input_file_ref idref="fl-3c"/>
      </object_component>
      <object_component id="oc-215">
         <name>.debug_info</name>
         <load_address>0x2e64</load_address>
         <run_address>0x2e64</run_address>
         <size>0x120</size>
         <input_file_ref idref="fl-3d"/>
      </object_component>
      <object_component id="oc-b6">
         <name>.debug_info</name>
         <load_address>0x2f84</load_address>
         <run_address>0x2f84</run_address>
         <size>0x120</size>
         <input_file_ref idref="fl-3e"/>
      </object_component>
      <object_component id="oc-25c">
         <name>.debug_info</name>
         <load_address>0x30a4</load_address>
         <run_address>0x30a4</run_address>
         <size>0x126</size>
         <input_file_ref idref="fl-3f"/>
      </object_component>
      <object_component id="oc-bb">
         <name>.debug_info</name>
         <load_address>0x31ca</load_address>
         <run_address>0x31ca</run_address>
         <size>0x120</size>
         <input_file_ref idref="fl-40"/>
      </object_component>
      <object_component id="oc-280">
         <name>.debug_info</name>
         <load_address>0x32ea</load_address>
         <run_address>0x32ea</run_address>
         <size>0x120</size>
         <input_file_ref idref="fl-41"/>
      </object_component>
      <object_component id="oc-260">
         <name>.debug_info</name>
         <load_address>0x340a</load_address>
         <run_address>0x340a</run_address>
         <size>0x126</size>
         <input_file_ref idref="fl-41"/>
      </object_component>
      <object_component id="oc-278">
         <name>.debug_info</name>
         <load_address>0x3530</load_address>
         <run_address>0x3530</run_address>
         <size>0x193</size>
         <input_file_ref idref="fl-44"/>
      </object_component>
      <object_component id="oc-219">
         <name>.debug_info</name>
         <load_address>0x36c3</load_address>
         <run_address>0x36c3</run_address>
         <size>0x239</size>
         <input_file_ref idref="fl-45"/>
      </object_component>
      <object_component id="oc-274">
         <name>.debug_info</name>
         <load_address>0x38fc</load_address>
         <run_address>0x38fc</run_address>
         <size>0x139</size>
         <input_file_ref idref="fl-46"/>
      </object_component>
      <object_component id="oc-26d">
         <name>.debug_info</name>
         <load_address>0x3a35</load_address>
         <run_address>0x3a35</run_address>
         <size>0x20b</size>
         <input_file_ref idref="fl-47"/>
      </object_component>
      <object_component id="oc-269">
         <name>.debug_info</name>
         <load_address>0x3c40</load_address>
         <run_address>0x3c40</run_address>
         <size>0x193</size>
         <input_file_ref idref="fl-48"/>
      </object_component>
      <object_component id="oc-29e">
         <name>.debug_info</name>
         <load_address>0x3dd3</load_address>
         <run_address>0x3dd3</run_address>
         <size>0x125</size>
         <input_file_ref idref="fl-49"/>
      </object_component>
      <object_component id="oc-298">
         <name>.debug_info</name>
         <load_address>0x3ef8</load_address>
         <run_address>0x3ef8</run_address>
         <size>0x121</size>
         <input_file_ref idref="fl-4a"/>
      </object_component>
      <object_component id="oc-2ea">
         <name>.debug_info</name>
         <load_address>0x4019</load_address>
         <run_address>0x4019</run_address>
         <size>0xa9</size>
      </object_component>
      <object_component id="oc-17b">
         <name>.debug_line</name>
         <load_address>0x0</load_address>
         <run_address>0x0</run_address>
         <size>0x2d</size>
         <input_file_ref idref="fl-2"/>
      </object_component>
      <object_component id="oc-185">
         <name>.debug_line</name>
         <load_address>0x2d</load_address>
         <run_address>0x2d</run_address>
         <size>0x48</size>
         <input_file_ref idref="fl-2"/>
      </object_component>
      <object_component id="oc-156">
         <name>.debug_line</name>
         <load_address>0x75</load_address>
         <run_address>0x75</run_address>
         <size>0x4e</size>
         <input_file_ref idref="fl-2"/>
      </object_component>
      <object_component id="oc-e2">
         <name>.debug_line</name>
         <load_address>0xc3</load_address>
         <run_address>0xc3</run_address>
         <size>0x4f</size>
         <input_file_ref idref="fl-2"/>
      </object_component>
      <object_component id="oc-145">
         <name>.debug_line</name>
         <load_address>0x112</load_address>
         <run_address>0x112</run_address>
         <size>0x41</size>
         <input_file_ref idref="fl-2"/>
      </object_component>
      <object_component id="oc-cd">
         <name>.debug_line</name>
         <load_address>0x153</load_address>
         <run_address>0x153</run_address>
         <size>0x20</size>
         <input_file_ref idref="fl-2"/>
      </object_component>
      <object_component id="oc-c3">
         <name>.debug_line</name>
         <load_address>0x173</load_address>
         <run_address>0x173</run_address>
         <size>0x40</size>
         <input_file_ref idref="fl-1d"/>
      </object_component>
      <object_component id="oc-e0">
         <name>.debug_line</name>
         <load_address>0x1b3</load_address>
         <run_address>0x1b3</run_address>
         <size>0x3d</size>
         <input_file_ref idref="fl-2a"/>
      </object_component>
      <object_component id="oc-124">
         <name>.debug_line</name>
         <load_address>0x1f0</load_address>
         <run_address>0x1f0</run_address>
         <size>0x2a</size>
         <input_file_ref idref="fl-2b"/>
      </object_component>
      <object_component id="oc-fa">
         <name>.debug_line</name>
         <load_address>0x21a</load_address>
         <run_address>0x21a</run_address>
         <size>0x46</size>
         <input_file_ref idref="fl-2b"/>
      </object_component>
      <object_component id="oc-242">
         <name>.debug_line</name>
         <load_address>0x260</load_address>
         <run_address>0x260</run_address>
         <size>0xbf</size>
         <input_file_ref idref="fl-2c"/>
      </object_component>
      <object_component id="oc-194">
         <name>.debug_line</name>
         <load_address>0x31f</load_address>
         <run_address>0x31f</run_address>
         <size>0x76</size>
         <input_file_ref idref="fl-2c"/>
      </object_component>
      <object_component id="oc-246">
         <name>.debug_line</name>
         <load_address>0x395</load_address>
         <run_address>0x395</run_address>
         <size>0x2e</size>
         <input_file_ref idref="fl-2c"/>
      </object_component>
      <object_component id="oc-257">
         <name>.debug_line</name>
         <load_address>0x3c3</load_address>
         <run_address>0x3c3</run_address>
         <size>0x9a</size>
         <input_file_ref idref="fl-2c"/>
      </object_component>
      <object_component id="oc-200">
         <name>.debug_line</name>
         <load_address>0x45d</load_address>
         <run_address>0x45d</run_address>
         <size>0x97</size>
         <input_file_ref idref="fl-2c"/>
      </object_component>
      <object_component id="oc-24b">
         <name>.debug_line</name>
         <load_address>0x4f4</load_address>
         <run_address>0x4f4</run_address>
         <size>0x93</size>
         <input_file_ref idref="fl-2c"/>
      </object_component>
      <object_component id="oc-133">
         <name>.debug_line</name>
         <load_address>0x587</load_address>
         <run_address>0x587</run_address>
         <size>0x92</size>
         <input_file_ref idref="fl-2d"/>
      </object_component>
      <object_component id="oc-153">
         <name>.debug_line</name>
         <load_address>0x619</load_address>
         <run_address>0x619</run_address>
         <size>0x3e</size>
         <input_file_ref idref="fl-30"/>
      </object_component>
      <object_component id="oc-1ed">
         <name>.debug_line</name>
         <load_address>0x657</load_address>
         <run_address>0x657</run_address>
         <size>0x3a</size>
         <input_file_ref idref="fl-31"/>
      </object_component>
      <object_component id="oc-13b">
         <name>.debug_line</name>
         <load_address>0x691</load_address>
         <run_address>0x691</run_address>
         <size>0x20</size>
         <input_file_ref idref="fl-32"/>
      </object_component>
      <object_component id="oc-3e">
         <name>.debug_line</name>
         <load_address>0x6b1</load_address>
         <run_address>0x6b1</run_address>
         <size>0x50</size>
         <input_file_ref idref="fl-32"/>
      </object_component>
      <object_component id="oc-d9">
         <name>.debug_line</name>
         <load_address>0x701</load_address>
         <run_address>0x701</run_address>
         <size>0x3a</size>
         <input_file_ref idref="fl-32"/>
      </object_component>
      <object_component id="oc-138">
         <name>.debug_line</name>
         <load_address>0x73b</load_address>
         <run_address>0x73b</run_address>
         <size>0x92</size>
         <input_file_ref idref="fl-32"/>
      </object_component>
      <object_component id="oc-177">
         <name>.debug_line</name>
         <load_address>0x7cd</load_address>
         <run_address>0x7cd</run_address>
         <size>0x20</size>
         <input_file_ref idref="fl-33"/>
      </object_component>
      <object_component id="oc-39">
         <name>.debug_line</name>
         <load_address>0x7ed</load_address>
         <run_address>0x7ed</run_address>
         <size>0x92</size>
         <input_file_ref idref="fl-33"/>
      </object_component>
      <object_component id="oc-c8">
         <name>.debug_line</name>
         <load_address>0x87f</load_address>
         <run_address>0x87f</run_address>
         <size>0x3a</size>
         <input_file_ref idref="fl-33"/>
      </object_component>
      <object_component id="oc-174">
         <name>.debug_line</name>
         <load_address>0x8b9</load_address>
         <run_address>0x8b9</run_address>
         <size>0x9a</size>
         <input_file_ref idref="fl-33"/>
      </object_component>
      <object_component id="oc-12b">
         <name>.debug_line</name>
         <load_address>0x953</load_address>
         <run_address>0x953</run_address>
         <size>0x96</size>
         <input_file_ref idref="fl-33"/>
      </object_component>
      <object_component id="oc-1d3">
         <name>.debug_line</name>
         <load_address>0x9e9</load_address>
         <run_address>0x9e9</run_address>
         <size>0x3d</size>
         <input_file_ref idref="fl-34"/>
      </object_component>
      <object_component id="oc-229">
         <name>.debug_line</name>
         <load_address>0xa26</load_address>
         <run_address>0xa26</run_address>
         <size>0x5a</size>
         <input_file_ref idref="fl-35"/>
      </object_component>
      <object_component id="oc-223">
         <name>.debug_line</name>
         <load_address>0xa80</load_address>
         <run_address>0xa80</run_address>
         <size>0x2e</size>
         <input_file_ref idref="fl-35"/>
      </object_component>
      <object_component id="oc-1ca">
         <name>.debug_line</name>
         <load_address>0xaae</load_address>
         <run_address>0xaae</run_address>
         <size>0x3d</size>
         <input_file_ref idref="fl-36"/>
      </object_component>
      <object_component id="oc-295">
         <name>.debug_line</name>
         <load_address>0xaeb</load_address>
         <run_address>0xaeb</run_address>
         <size>0x20</size>
         <input_file_ref idref="fl-37"/>
      </object_component>
      <object_component id="oc-211">
         <name>.debug_line</name>
         <load_address>0xb0b</load_address>
         <run_address>0xb0b</run_address>
         <size>0x71</size>
         <input_file_ref idref="fl-37"/>
      </object_component>
      <object_component id="oc-27e">
         <name>.debug_line</name>
         <load_address>0xb7c</load_address>
         <run_address>0xb7c</run_address>
         <size>0x2d</size>
         <input_file_ref idref="fl-38"/>
      </object_component>
      <object_component id="oc-1d1">
         <name>.debug_line</name>
         <load_address>0xba9</load_address>
         <run_address>0xba9</run_address>
         <size>0xf0</size>
         <input_file_ref idref="fl-38"/>
      </object_component>
      <object_component id="oc-189">
         <name>.debug_line</name>
         <load_address>0xc99</load_address>
         <run_address>0xc99</run_address>
         <size>0x3d</size>
         <input_file_ref idref="fl-39"/>
      </object_component>
      <object_component id="oc-179">
         <name>.debug_line</name>
         <load_address>0xcd6</load_address>
         <run_address>0xcd6</run_address>
         <size>0x20</size>
         <input_file_ref idref="fl-3c"/>
      </object_component>
      <object_component id="oc-d0">
         <name>.debug_line</name>
         <load_address>0xcf6</load_address>
         <run_address>0xcf6</run_address>
         <size>0x42</size>
         <input_file_ref idref="fl-3c"/>
      </object_component>
      <object_component id="oc-214">
         <name>.debug_line</name>
         <load_address>0xd38</load_address>
         <run_address>0xd38</run_address>
         <size>0x4e</size>
         <input_file_ref idref="fl-3d"/>
      </object_component>
      <object_component id="oc-b9">
         <name>.debug_line</name>
         <load_address>0xd86</load_address>
         <run_address>0xd86</run_address>
         <size>0x4e</size>
         <input_file_ref idref="fl-3e"/>
      </object_component>
      <object_component id="oc-25b">
         <name>.debug_line</name>
         <load_address>0xdd4</load_address>
         <run_address>0xdd4</run_address>
         <size>0x56</size>
         <input_file_ref idref="fl-3f"/>
      </object_component>
      <object_component id="oc-be">
         <name>.debug_line</name>
         <load_address>0xe2a</load_address>
         <run_address>0xe2a</run_address>
         <size>0x5e</size>
         <input_file_ref idref="fl-40"/>
      </object_component>
      <object_component id="oc-283">
         <name>.debug_line</name>
         <load_address>0xe88</load_address>
         <run_address>0xe88</run_address>
         <size>0x42</size>
         <input_file_ref idref="fl-41"/>
      </object_component>
      <object_component id="oc-25f">
         <name>.debug_line</name>
         <load_address>0xeca</load_address>
         <run_address>0xeca</run_address>
         <size>0x65</size>
         <input_file_ref idref="fl-41"/>
      </object_component>
      <object_component id="oc-27b">
         <name>.debug_line</name>
         <load_address>0xf2f</load_address>
         <run_address>0xf2f</run_address>
         <size>0x53</size>
         <input_file_ref idref="fl-44"/>
      </object_component>
      <object_component id="oc-21c">
         <name>.debug_line</name>
         <load_address>0xf82</load_address>
         <run_address>0xf82</run_address>
         <size>0x65</size>
         <input_file_ref idref="fl-45"/>
      </object_component>
      <object_component id="oc-273">
         <name>.debug_line</name>
         <load_address>0xfe7</load_address>
         <run_address>0xfe7</run_address>
         <size>0x4a</size>
         <input_file_ref idref="fl-46"/>
      </object_component>
      <object_component id="oc-270">
         <name>.debug_line</name>
         <load_address>0x1031</load_address>
         <run_address>0x1031</run_address>
         <size>0xa6</size>
         <input_file_ref idref="fl-47"/>
      </object_component>
      <object_component id="oc-26b">
         <name>.debug_line</name>
         <load_address>0x10d7</load_address>
         <run_address>0x10d7</run_address>
         <size>0x53</size>
         <input_file_ref idref="fl-48"/>
      </object_component>
      <object_component id="oc-29d">
         <name>.debug_line</name>
         <load_address>0x112a</load_address>
         <run_address>0x112a</run_address>
         <size>0x4b</size>
         <input_file_ref idref="fl-49"/>
      </object_component>
      <object_component id="oc-29b">
         <name>.debug_line</name>
         <load_address>0x1175</load_address>
         <run_address>0x1175</run_address>
         <size>0x4b</size>
         <input_file_ref idref="fl-4a"/>
      </object_component>
      <object_component id="oc-184">
         <name>.debug_frame</name>
         <load_address>0x0</load_address>
         <run_address>0x0</run_address>
         <size>0x48</size>
         <input_file_ref idref="fl-2"/>
      </object_component>
      <object_component id="oc-157">
         <name>.debug_frame</name>
         <load_address>0x48</load_address>
         <run_address>0x48</run_address>
         <size>0x3c</size>
         <input_file_ref idref="fl-2"/>
      </object_component>
      <object_component id="oc-e3">
         <name>.debug_frame</name>
         <load_address>0x84</load_address>
         <run_address>0x84</run_address>
         <size>0x64</size>
         <input_file_ref idref="fl-2"/>
      </object_component>
      <object_component id="oc-144">
         <name>.debug_frame</name>
         <load_address>0xe8</load_address>
         <run_address>0xe8</run_address>
         <size>0x3c</size>
         <input_file_ref idref="fl-2"/>
      </object_component>
      <object_component id="oc-fb">
         <name>.debug_frame</name>
         <load_address>0x124</load_address>
         <run_address>0x124</run_address>
         <size>0x34</size>
         <input_file_ref idref="fl-2b"/>
      </object_component>
      <object_component id="oc-195">
         <name>.debug_frame</name>
         <load_address>0x158</load_address>
         <run_address>0x158</run_address>
         <size>0x44</size>
         <input_file_ref idref="fl-2c"/>
      </object_component>
      <object_component id="oc-154">
         <name>.debug_frame</name>
         <load_address>0x19c</load_address>
         <run_address>0x19c</run_address>
         <size>0x3c</size>
         <input_file_ref idref="fl-30"/>
      </object_component>
      <object_component id="oc-1f0">
         <name>.debug_frame</name>
         <load_address>0x1d8</load_address>
         <run_address>0x1d8</run_address>
         <size>0x3c</size>
         <input_file_ref idref="fl-31"/>
      </object_component>
      <object_component id="oc-3f">
         <name>.debug_frame</name>
         <load_address>0x214</load_address>
         <run_address>0x214</run_address>
         <size>0x3c</size>
         <input_file_ref idref="fl-32"/>
      </object_component>
      <object_component id="oc-38">
         <name>.debug_frame</name>
         <load_address>0x250</load_address>
         <run_address>0x250</run_address>
         <size>0x48</size>
         <input_file_ref idref="fl-33"/>
      </object_component>
      <object_component id="oc-1d4">
         <name>.debug_frame</name>
         <load_address>0x298</load_address>
         <run_address>0x298</run_address>
         <size>0x3c</size>
         <input_file_ref idref="fl-34"/>
      </object_component>
      <object_component id="oc-22a">
         <name>.debug_frame</name>
         <load_address>0x2d4</load_address>
         <run_address>0x2d4</run_address>
         <size>0x44</size>
         <input_file_ref idref="fl-35"/>
      </object_component>
      <object_component id="oc-1cb">
         <name>.debug_frame</name>
         <load_address>0x318</load_address>
         <run_address>0x318</run_address>
         <size>0x3c</size>
         <input_file_ref idref="fl-36"/>
      </object_component>
      <object_component id="oc-210">
         <name>.debug_frame</name>
         <load_address>0x354</load_address>
         <run_address>0x354</run_address>
         <size>0x44</size>
         <input_file_ref idref="fl-37"/>
      </object_component>
      <object_component id="oc-1d0">
         <name>.debug_frame</name>
         <load_address>0x398</load_address>
         <run_address>0x398</run_address>
         <size>0x68</size>
         <input_file_ref idref="fl-38"/>
      </object_component>
      <object_component id="oc-18c">
         <name>.debug_frame</name>
         <load_address>0x400</load_address>
         <run_address>0x400</run_address>
         <size>0x3c</size>
         <input_file_ref idref="fl-39"/>
      </object_component>
      <object_component id="oc-d4">
         <name>.debug_frame</name>
         <load_address>0x43c</load_address>
         <run_address>0x43c</run_address>
         <size>0x3c</size>
         <input_file_ref idref="fl-3c"/>
      </object_component>
      <object_component id="oc-27a">
         <name>.debug_frame</name>
         <load_address>0x478</load_address>
         <run_address>0x478</run_address>
         <size>0x44</size>
         <input_file_ref idref="fl-44"/>
      </object_component>
      <object_component id="oc-21d">
         <name>.debug_frame</name>
         <load_address>0x4bc</load_address>
         <run_address>0x4bc</run_address>
         <size>0x64</size>
         <input_file_ref idref="fl-45"/>
      </object_component>
      <object_component id="oc-268">
         <name>.debug_frame</name>
         <load_address>0x520</load_address>
         <run_address>0x520</run_address>
         <size>0x44</size>
         <input_file_ref idref="fl-48"/>
      </object_component>
      <object_component id="oc-17a">
         <name>.debug_abbrev</name>
         <load_address>0x0</load_address>
         <run_address>0x0</run_address>
         <size>0x29</size>
         <input_file_ref idref="fl-2"/>
      </object_component>
      <object_component id="oc-1d8">
         <name>.debug_abbrev</name>
         <load_address>0x29</load_address>
         <run_address>0x29</run_address>
         <size>0x5e</size>
         <input_file_ref idref="fl-2"/>
      </object_component>
      <object_component id="oc-186">
         <name>.debug_abbrev</name>
         <load_address>0x87</load_address>
         <run_address>0x87</run_address>
         <size>0x54</size>
         <input_file_ref idref="fl-2"/>
      </object_component>
      <object_component id="oc-146">
         <name>.debug_abbrev</name>
         <load_address>0xdb</load_address>
         <run_address>0xdb</run_address>
         <size>0x61</size>
         <input_file_ref idref="fl-2"/>
      </object_component>
      <object_component id="oc-17c">
         <name>.debug_abbrev</name>
         <load_address>0x13c</load_address>
         <run_address>0x13c</run_address>
         <size>0x50</size>
         <input_file_ref idref="fl-2"/>
      </object_component>
      <object_component id="oc-cc">
         <name>.debug_abbrev</name>
         <load_address>0x18c</load_address>
         <run_address>0x18c</run_address>
         <size>0x1f</size>
         <input_file_ref idref="fl-2"/>
      </object_component>
      <object_component id="oc-127">
         <name>.debug_abbrev</name>
         <load_address>0x1ab</load_address>
         <run_address>0x1ab</run_address>
         <size>0x3a</size>
         <input_file_ref idref="fl-1d"/>
      </object_component>
      <object_component id="oc-13c">
         <name>.debug_abbrev</name>
         <load_address>0x1e5</load_address>
         <run_address>0x1e5</run_address>
         <size>0x28</size>
         <input_file_ref idref="fl-2a"/>
      </object_component>
      <object_component id="oc-123">
         <name>.debug_abbrev</name>
         <load_address>0x20d</load_address>
         <run_address>0x20d</run_address>
         <size>0x29</size>
         <input_file_ref idref="fl-2b"/>
      </object_component>
      <object_component id="oc-15e">
         <name>.debug_abbrev</name>
         <load_address>0x236</load_address>
         <run_address>0x236</run_address>
         <size>0x58</size>
         <input_file_ref idref="fl-2b"/>
      </object_component>
      <object_component id="oc-241">
         <name>.debug_abbrev</name>
         <load_address>0x28e</load_address>
         <run_address>0x28e</run_address>
         <size>0xc0</size>
         <input_file_ref idref="fl-2c"/>
      </object_component>
      <object_component id="oc-1f1">
         <name>.debug_abbrev</name>
         <load_address>0x34e</load_address>
         <run_address>0x34e</run_address>
         <size>0x7e</size>
         <input_file_ref idref="fl-2c"/>
      </object_component>
      <object_component id="oc-245">
         <name>.debug_abbrev</name>
         <load_address>0x3cc</load_address>
         <run_address>0x3cc</run_address>
         <size>0x24</size>
         <input_file_ref idref="fl-2c"/>
      </object_component>
      <object_component id="oc-256">
         <name>.debug_abbrev</name>
         <load_address>0x3f0</load_address>
         <run_address>0x3f0</run_address>
         <size>0x24</size>
         <input_file_ref idref="fl-2c"/>
      </object_component>
      <object_component id="oc-1ff">
         <name>.debug_abbrev</name>
         <load_address>0x414</load_address>
         <run_address>0x414</run_address>
         <size>0x24</size>
         <input_file_ref idref="fl-2c"/>
      </object_component>
      <object_component id="oc-24a">
         <name>.debug_abbrev</name>
         <load_address>0x438</load_address>
         <run_address>0x438</run_address>
         <size>0x4b</size>
         <input_file_ref idref="fl-2c"/>
      </object_component>
      <object_component id="oc-132">
         <name>.debug_abbrev</name>
         <load_address>0x483</load_address>
         <run_address>0x483</run_address>
         <size>0x24</size>
         <input_file_ref idref="fl-2d"/>
      </object_component>
      <object_component id="oc-17f">
         <name>.debug_abbrev</name>
         <load_address>0x4a7</load_address>
         <run_address>0x4a7</run_address>
         <size>0x55</size>
         <input_file_ref idref="fl-30"/>
      </object_component>
      <object_component id="oc-240">
         <name>.debug_abbrev</name>
         <load_address>0x4fc</load_address>
         <run_address>0x4fc</run_address>
         <size>0x53</size>
         <input_file_ref idref="fl-31"/>
      </object_component>
      <object_component id="oc-13a">
         <name>.debug_abbrev</name>
         <load_address>0x54f</load_address>
         <run_address>0x54f</run_address>
         <size>0x37</size>
         <input_file_ref idref="fl-32"/>
      </object_component>
      <object_component id="oc-d5">
         <name>.debug_abbrev</name>
         <load_address>0x586</load_address>
         <run_address>0x586</run_address>
         <size>0x74</size>
         <input_file_ref idref="fl-32"/>
      </object_component>
      <object_component id="oc-d8">
         <name>.debug_abbrev</name>
         <load_address>0x5fa</load_address>
         <run_address>0x5fa</run_address>
         <size>0x24</size>
         <input_file_ref idref="fl-32"/>
      </object_component>
      <object_component id="oc-137">
         <name>.debug_abbrev</name>
         <load_address>0x61e</load_address>
         <run_address>0x61e</run_address>
         <size>0x24</size>
         <input_file_ref idref="fl-32"/>
      </object_component>
      <object_component id="oc-176">
         <name>.debug_abbrev</name>
         <load_address>0x642</load_address>
         <run_address>0x642</run_address>
         <size>0x37</size>
         <input_file_ref idref="fl-33"/>
      </object_component>
      <object_component id="oc-c4">
         <name>.debug_abbrev</name>
         <load_address>0x679</load_address>
         <run_address>0x679</run_address>
         <size>0x7d</size>
         <input_file_ref idref="fl-33"/>
      </object_component>
      <object_component id="oc-c7">
         <name>.debug_abbrev</name>
         <load_address>0x6f6</load_address>
         <run_address>0x6f6</run_address>
         <size>0x24</size>
         <input_file_ref idref="fl-33"/>
      </object_component>
      <object_component id="oc-173">
         <name>.debug_abbrev</name>
         <load_address>0x71a</load_address>
         <run_address>0x71a</run_address>
         <size>0x35</size>
         <input_file_ref idref="fl-33"/>
      </object_component>
      <object_component id="oc-12a">
         <name>.debug_abbrev</name>
         <load_address>0x74f</load_address>
         <run_address>0x74f</run_address>
         <size>0x24</size>
         <input_file_ref idref="fl-33"/>
      </object_component>
      <object_component id="oc-22b">
         <name>.debug_abbrev</name>
         <load_address>0x773</load_address>
         <run_address>0x773</run_address>
         <size>0x71</size>
         <input_file_ref idref="fl-34"/>
      </object_component>
      <object_component id="oc-284">
         <name>.debug_abbrev</name>
         <load_address>0x7e4</load_address>
         <run_address>0x7e4</run_address>
         <size>0x7f</size>
         <input_file_ref idref="fl-35"/>
      </object_component>
      <object_component id="oc-222">
         <name>.debug_abbrev</name>
         <load_address>0x863</load_address>
         <run_address>0x863</run_address>
         <size>0x70</size>
         <input_file_ref idref="fl-35"/>
      </object_component>
      <object_component id="oc-212">
         <name>.debug_abbrev</name>
         <load_address>0x8d3</load_address>
         <run_address>0x8d3</run_address>
         <size>0x68</size>
         <input_file_ref idref="fl-36"/>
      </object_component>
      <object_component id="oc-294">
         <name>.debug_abbrev</name>
         <load_address>0x93b</load_address>
         <run_address>0x93b</run_address>
         <size>0x25</size>
         <input_file_ref idref="fl-37"/>
      </object_component>
      <object_component id="oc-263">
         <name>.debug_abbrev</name>
         <load_address>0x960</load_address>
         <run_address>0x960</run_address>
         <size>0x7f</size>
         <input_file_ref idref="fl-37"/>
      </object_component>
      <object_component id="oc-27d">
         <name>.debug_abbrev</name>
         <load_address>0x9df</load_address>
         <run_address>0x9df</run_address>
         <size>0x44</size>
         <input_file_ref idref="fl-38"/>
      </object_component>
      <object_component id="oc-21e">
         <name>.debug_abbrev</name>
         <load_address>0xa23</load_address>
         <run_address>0xa23</run_address>
         <size>0x7f</size>
         <input_file_ref idref="fl-38"/>
      </object_component>
      <object_component id="oc-1d9">
         <name>.debug_abbrev</name>
         <load_address>0xaa2</load_address>
         <run_address>0xaa2</run_address>
         <size>0x45</size>
         <input_file_ref idref="fl-39"/>
      </object_component>
      <object_component id="oc-178">
         <name>.debug_abbrev</name>
         <load_address>0xae7</load_address>
         <run_address>0xae7</run_address>
         <size>0x45</size>
         <input_file_ref idref="fl-3c"/>
      </object_component>
      <object_component id="oc-12e">
         <name>.debug_abbrev</name>
         <load_address>0xb2c</load_address>
         <run_address>0xb2c</run_address>
         <size>0x71</size>
         <input_file_ref idref="fl-3c"/>
      </object_component>
      <object_component id="oc-265">
         <name>.debug_abbrev</name>
         <load_address>0xb9d</load_address>
         <run_address>0xb9d</run_address>
         <size>0x3c</size>
         <input_file_ref idref="fl-3d"/>
      </object_component>
      <object_component id="oc-125">
         <name>.debug_abbrev</name>
         <load_address>0xbd9</load_address>
         <run_address>0xbd9</run_address>
         <size>0x3c</size>
         <input_file_ref idref="fl-3e"/>
      </object_component>
      <object_component id="oc-292">
         <name>.debug_abbrev</name>
         <load_address>0xc15</load_address>
         <run_address>0xc15</run_address>
         <size>0x3c</size>
         <input_file_ref idref="fl-3f"/>
      </object_component>
      <object_component id="oc-126">
         <name>.debug_abbrev</name>
         <load_address>0xc51</load_address>
         <run_address>0xc51</run_address>
         <size>0x3c</size>
         <input_file_ref idref="fl-40"/>
      </object_component>
      <object_component id="oc-2a4">
         <name>.debug_abbrev</name>
         <load_address>0xc8d</load_address>
         <run_address>0xc8d</run_address>
         <size>0x3c</size>
         <input_file_ref idref="fl-41"/>
      </object_component>
      <object_component id="oc-293">
         <name>.debug_abbrev</name>
         <load_address>0xcc9</load_address>
         <run_address>0xcc9</run_address>
         <size>0x3c</size>
         <input_file_ref idref="fl-41"/>
      </object_component>
      <object_component id="oc-2a3">
         <name>.debug_abbrev</name>
         <load_address>0xd05</load_address>
         <run_address>0xd05</run_address>
         <size>0x7f</size>
         <input_file_ref idref="fl-44"/>
      </object_component>
      <object_component id="oc-27c">
         <name>.debug_abbrev</name>
         <load_address>0xd84</load_address>
         <run_address>0xd84</run_address>
         <size>0x7f</size>
         <input_file_ref idref="fl-45"/>
      </object_component>
      <object_component id="oc-2a2">
         <name>.debug_abbrev</name>
         <load_address>0xe03</load_address>
         <run_address>0xe03</run_address>
         <size>0x3e</size>
         <input_file_ref idref="fl-46"/>
      </object_component>
      <object_component id="oc-2a1">
         <name>.debug_abbrev</name>
         <load_address>0xe41</load_address>
         <run_address>0xe41</run_address>
         <size>0x3e</size>
         <input_file_ref idref="fl-47"/>
      </object_component>
      <object_component id="oc-296">
         <name>.debug_abbrev</name>
         <load_address>0xe7f</load_address>
         <run_address>0xe7f</run_address>
         <size>0x7f</size>
         <input_file_ref idref="fl-48"/>
      </object_component>
      <object_component id="oc-2a6">
         <name>.debug_abbrev</name>
         <load_address>0xefe</load_address>
         <run_address>0xefe</run_address>
         <size>0x3c</size>
         <input_file_ref idref="fl-49"/>
      </object_component>
      <object_component id="oc-2a5">
         <name>.debug_abbrev</name>
         <load_address>0xf3a</load_address>
         <run_address>0xf3a</run_address>
         <size>0x3c</size>
         <input_file_ref idref="fl-4a"/>
      </object_component>
      <object_component id="oc-2eb">
         <name>.debug_abbrev</name>
         <load_address>0xf76</load_address>
         <run_address>0xf76</run_address>
         <size>0xf</size>
      </object_component>
      <object_component id="oc-ce">
         <name>.debug_str</name>
         <load_address>0x0</load_address>
         <run_address>0x0</run_address>
         <size>0xfd</size>
         <input_file_ref idref="fl-2"/>
      </object_component>
      <object_component id="oc-247">
         <name>.debug_str</name>
         <load_address>0xfd</load_address>
         <run_address>0xfd</run_address>
         <size>0xed</size>
         <input_file_ref idref="fl-2c"/>
      </object_component>
      <object_component id="oc-258">
         <name>.debug_str</name>
         <load_address>0x1ea</load_address>
         <run_address>0x1ea</run_address>
         <size>0x14c</size>
         <input_file_ref idref="fl-2c"/>
      </object_component>
      <object_component id="oc-201">
         <name>.debug_str</name>
         <load_address>0x336</load_address>
         <run_address>0x336</run_address>
         <size>0x147</size>
         <input_file_ref idref="fl-2c"/>
      </object_component>
      <object_component id="oc-24c">
         <name>.debug_str</name>
         <load_address>0x47d</load_address>
         <run_address>0x47d</run_address>
         <size>0x197</size>
         <input_file_ref idref="fl-2c"/>
      </object_component>
      <object_component id="oc-134">
         <name>.debug_str</name>
         <load_address>0x614</load_address>
         <run_address>0x614</run_address>
         <size>0x140</size>
         <input_file_ref idref="fl-2d"/>
      </object_component>
      <object_component id="oc-da">
         <name>.debug_str</name>
         <load_address>0x754</load_address>
         <run_address>0x754</run_address>
         <size>0x10b</size>
         <input_file_ref idref="fl-32"/>
      </object_component>
      <object_component id="oc-139">
         <name>.debug_str</name>
         <load_address>0x85f</load_address>
         <run_address>0x85f</run_address>
         <size>0x140</size>
         <input_file_ref idref="fl-32"/>
      </object_component>
      <object_component id="oc-c9">
         <name>.debug_str</name>
         <load_address>0x99f</load_address>
         <run_address>0x99f</run_address>
         <size>0x118</size>
         <input_file_ref idref="fl-33"/>
      </object_component>
      <object_component id="oc-175">
         <name>.debug_str</name>
         <load_address>0xab7</load_address>
         <run_address>0xab7</run_address>
         <size>0x16b</size>
         <input_file_ref idref="fl-33"/>
      </object_component>
      <object_component id="oc-12c">
         <name>.debug_str</name>
         <load_address>0xc22</load_address>
         <run_address>0xc22</run_address>
         <size>0x158</size>
         <input_file_ref idref="fl-33"/>
      </object_component>
      <object_component id="oc-224">
         <name>.debug_str</name>
         <load_address>0xd7a</load_address>
         <run_address>0xd7a</run_address>
         <size>0xf7</size>
         <input_file_ref idref="fl-35"/>
      </object_component>
      <object_component id="oc-183">
         <name>.debug_aranges</name>
         <load_address>0x0</load_address>
         <run_address>0x0</run_address>
         <size>0x20</size>
         <input_file_ref idref="fl-2"/>
      </object_component>
      <object_component id="oc-15a">
         <name>.debug_aranges</name>
         <load_address>0x20</load_address>
         <run_address>0x20</run_address>
         <size>0x20</size>
         <input_file_ref idref="fl-2"/>
      </object_component>
      <object_component id="oc-e4">
         <name>.debug_aranges</name>
         <load_address>0x40</load_address>
         <run_address>0x40</run_address>
         <size>0x20</size>
         <input_file_ref idref="fl-2"/>
      </object_component>
      <object_component id="oc-142">
         <name>.debug_aranges</name>
         <load_address>0x60</load_address>
         <run_address>0x60</run_address>
         <size>0x20</size>
         <input_file_ref idref="fl-2"/>
      </object_component>
      <object_component id="oc-c1">
         <name>.debug_aranges</name>
         <load_address>0x80</load_address>
         <run_address>0x80</run_address>
         <size>0x20</size>
         <input_file_ref idref="fl-1d"/>
      </object_component>
      <object_component id="oc-dd">
         <name>.debug_aranges</name>
         <load_address>0xa0</load_address>
         <run_address>0xa0</run_address>
         <size>0x20</size>
         <input_file_ref idref="fl-2a"/>
      </object_component>
      <object_component id="oc-fd">
         <name>.debug_aranges</name>
         <load_address>0xc0</load_address>
         <run_address>0xc0</run_address>
         <size>0x20</size>
         <input_file_ref idref="fl-2b"/>
      </object_component>
      <object_component id="oc-198">
         <name>.debug_aranges</name>
         <load_address>0xe0</load_address>
         <run_address>0xe0</run_address>
         <size>0x20</size>
         <input_file_ref idref="fl-2c"/>
      </object_component>
      <object_component id="oc-152">
         <name>.debug_aranges</name>
         <load_address>0x100</load_address>
         <run_address>0x100</run_address>
         <size>0x20</size>
         <input_file_ref idref="fl-30"/>
      </object_component>
      <object_component id="oc-1ec">
         <name>.debug_aranges</name>
         <load_address>0x120</load_address>
         <run_address>0x120</run_address>
         <size>0x20</size>
         <input_file_ref idref="fl-31"/>
      </object_component>
      <object_component id="oc-3d">
         <name>.debug_aranges</name>
         <load_address>0x140</load_address>
         <run_address>0x140</run_address>
         <size>0x20</size>
         <input_file_ref idref="fl-32"/>
      </object_component>
      <object_component id="oc-37">
         <name>.debug_aranges</name>
         <load_address>0x160</load_address>
         <run_address>0x160</run_address>
         <size>0x20</size>
         <input_file_ref idref="fl-33"/>
      </object_component>
      <object_component id="oc-1d6">
         <name>.debug_aranges</name>
         <load_address>0x180</load_address>
         <run_address>0x180</run_address>
         <size>0x20</size>
         <input_file_ref idref="fl-34"/>
      </object_component>
      <object_component id="oc-227">
         <name>.debug_aranges</name>
         <load_address>0x1a0</load_address>
         <run_address>0x1a0</run_address>
         <size>0x20</size>
         <input_file_ref idref="fl-35"/>
      </object_component>
      <object_component id="oc-1c9">
         <name>.debug_aranges</name>
         <load_address>0x1c0</load_address>
         <run_address>0x1c0</run_address>
         <size>0x20</size>
         <input_file_ref idref="fl-36"/>
      </object_component>
      <object_component id="oc-20e">
         <name>.debug_aranges</name>
         <load_address>0x1e0</load_address>
         <run_address>0x1e0</run_address>
         <size>0x20</size>
         <input_file_ref idref="fl-37"/>
      </object_component>
      <object_component id="oc-1cf">
         <name>.debug_aranges</name>
         <load_address>0x200</load_address>
         <run_address>0x200</run_address>
         <size>0x20</size>
         <input_file_ref idref="fl-38"/>
      </object_component>
      <object_component id="oc-188">
         <name>.debug_aranges</name>
         <load_address>0x220</load_address>
         <run_address>0x220</run_address>
         <size>0x20</size>
         <input_file_ref idref="fl-39"/>
      </object_component>
      <object_component id="oc-d2">
         <name>.debug_aranges</name>
         <load_address>0x240</load_address>
         <run_address>0x240</run_address>
         <size>0x20</size>
         <input_file_ref idref="fl-3c"/>
      </object_component>
      <object_component id="oc-216">
         <name>.debug_aranges</name>
         <load_address>0x260</load_address>
         <run_address>0x260</run_address>
         <size>0x20</size>
         <input_file_ref idref="fl-3d"/>
      </object_component>
      <object_component id="oc-b8">
         <name>.debug_aranges</name>
         <load_address>0x280</load_address>
         <run_address>0x280</run_address>
         <size>0x20</size>
         <input_file_ref idref="fl-3e"/>
      </object_component>
      <object_component id="oc-25a">
         <name>.debug_aranges</name>
         <load_address>0x2a0</load_address>
         <run_address>0x2a0</run_address>
         <size>0x20</size>
         <input_file_ref idref="fl-3f"/>
      </object_component>
      <object_component id="oc-bd">
         <name>.debug_aranges</name>
         <load_address>0x2c0</load_address>
         <run_address>0x2c0</run_address>
         <size>0x20</size>
         <input_file_ref idref="fl-40"/>
      </object_component>
      <object_component id="oc-282">
         <name>.debug_aranges</name>
         <load_address>0x2e0</load_address>
         <run_address>0x2e0</run_address>
         <size>0x20</size>
         <input_file_ref idref="fl-41"/>
      </object_component>
      <object_component id="oc-262">
         <name>.debug_aranges</name>
         <load_address>0x300</load_address>
         <run_address>0x300</run_address>
         <size>0x20</size>
         <input_file_ref idref="fl-41"/>
      </object_component>
      <object_component id="oc-277">
         <name>.debug_aranges</name>
         <load_address>0x320</load_address>
         <run_address>0x320</run_address>
         <size>0x20</size>
         <input_file_ref idref="fl-44"/>
      </object_component>
      <object_component id="oc-21a">
         <name>.debug_aranges</name>
         <load_address>0x340</load_address>
         <run_address>0x340</run_address>
         <size>0x20</size>
         <input_file_ref idref="fl-45"/>
      </object_component>
      <object_component id="oc-272">
         <name>.debug_aranges</name>
         <load_address>0x360</load_address>
         <run_address>0x360</run_address>
         <size>0x20</size>
         <input_file_ref idref="fl-46"/>
      </object_component>
[...]
      </symbol>
      <symbol id="sm-d6">
         <name>__mspabi_func_epilog_3</name>
         <value>0xca88</value>
         <object_component_ref idref="oc-bf"/>
      </symbol>
      <symbol id="sm-d7">
         <name>__mspabi_func_epilog_1</name>
         <value>0xca8c</value>
         <object_component_ref idref="oc-bf"/>
      </symbol>
      <symbol id="sm-d8">
         <name>__mspabi_func_epilog_6</name>
         <value>0xca82</value>
         <object_component_ref idref="oc-bf"/>
      </symbol>
      <symbol id="sm-d9">
         <name>__mspabi_func_epilog_7</name>
         <value>0xca80</value>
         <object_component_ref idref="oc-bf"/>
      </symbol>
      <symbol id="sm-da">
         <name>__mspabi_func_epilog_4</name>
         <value>0xca86</value>
         <object_component_ref idref="oc-bf"/>
      </symbol>
      <symbol id="sm-db">
         <name>__mspabi_func_epilog_5</name>
         <value>0xca84</value>
         <object_component_ref idref="oc-bf"/>
      </symbol>
      <symbol id="sm-de">
         <name>__TI_int00</name>
         <value>0xffe0</value>
         <object_component_ref idref="oc-40"/>
      </symbol>
      <symbol id="sm-e1">
         <name>__TI_int02</name>
         <value>0xffe4</value>
         <object_component_ref idref="oc-41"/>
      </symbol>
      <symbol id="sm-e4">
         <name>__TI_int05</name>
         <value>0xffea</value>
         <object_component_ref idref="oc-43"/>
      </symbol>
      <symbol id="sm-e7">
         <name>__TI_int06</name>
         <value>0xffec</value>
         <object_component_ref idref="oc-44"/>
      </symbol>
      <symbol id="sm-ea">
         <name>__TI_int07</name>
         <value>0xffee</value>
         <object_component_ref idref="oc-45"/>
      </symbol>
      <symbol id="sm-ed">
         <name>__TI_int08</name>
         <value>0xfff0</value>
         <object_component_ref idref="oc-46"/>
      </symbol>
      <symbol id="sm-f0">
         <name>__TI_int09</name>
         <value>0xfff2</value>
         <object_component_ref idref="oc-47"/>
      </symbol>
      <symbol id="sm-f3">
         <name>__TI_int10</name>
         <value>0xfff4</value>
         <object_component_ref idref="oc-48"/>
      </symbol>
      <symbol id="sm-f6">
         <name>__TI_int11</name>
         <value>0xfff6</value>
         <object_component_ref idref="oc-49"/>
      </symbol>
      <symbol id="sm-f9">
         <name>__TI_int12</name>
         <value>0xfff8</value>
         <object_component_ref idref="oc-4a"/>
      </symbol>
      <symbol id="sm-fc">
         <name>__TI_int13</name>
         <value>0xfffa</value>
         <object_component_ref idref="oc-4b"/>
      </symbol>
      <symbol id="sm-ff">
         <name>__TI_int14</name>
         <value>0xfffc</value>
         <object_component_ref idref="oc-4c"/>
      </symbol>
      <symbol id="sm-107">
         <name>__TI_ISR_TRAP</name>
         <value>0xca9a</value>
         <object_component_ref idref="oc-dc"/>
      </symbol>
      <symbol id="sm-117">
         <name>_stack</name>
         <value>0x3b0</value>
         <object_component_ref idref="oc-b1"/>
      </symbol>
      <symbol id="sm-118">
         <name>_c_int00_noargs</name>
         <value>0xca1c</value>
         <object_component_ref idref="oc-f9"/>
      </symbol>
      <symbol id="sm-119">
         <name>_reset_vector</name>
         <value>0xfffe</value>
         <object_component_ref idref="oc-b4"/>
      </symbol>
      <symbol id="sm-13b">
         <name>__TI_auto_init_nobinit_nopinit</name>
         <value>0xc8a0</value>
         <object_component_ref idref="oc-193"/>
      </symbol>
      <symbol id="sm-14c">
         <name>_system_pre_init</name>
         <value>0xcaae</value>
         <object_component_ref idref="oc-14f"/>
      </symbol>
      <symbol id="sm-155">
         <name>_system_post_cinit</name>
         <value>0xcab2</value>
         <object_component_ref idref="oc-1eb"/>
      </symbol>
      <symbol id="sm-16b">
         <name>__TI_decompress_none</name>
         <value>0xca4a</value>
         <object_component_ref idref="oc-3a"/>
      </symbol>
      <symbol id="sm-18e">
         <name>__TI_decompress_lzss</name>
         <value>0xc5d0</value>
         <object_component_ref idref="oc-34"/>
      </symbol>
      <symbol id="sm-199">
         <name>__mspabi_fixdu</name>
         <value>0xca38</value>
         <object_component_ref idref="oc-1d2"/>
      </symbol>
      <symbol id="sm-1ae">
         <name>__mspabi_fixdul</name>
         <value>0xc64c</value>
         <object_component_ref idref="oc-225"/>
      </symbol>
      <symbol id="sm-1b7">
         <name>__mspabi_fltud</name>
         <value>0xcaa2</value>
         <object_component_ref idref="oc-1c6"/>
      </symbol>
      <symbol id="sm-1cc">
         <name>__mspabi_fltuld</name>
         <value>0xc546</value>
         <object_component_ref idref="oc-20c"/>
      </symbol>
      <symbol id="sm-1f2">
         <name>__mspabi_mpyd</name>
         <value>0xc000</value>
         <object_component_ref idref="oc-1cc"/>
      </symbol>
      <symbol id="sm-1fc">
         <name>C$$EXIT</name>
         <value>0xcaa8</value>
         <object_component_ref idref="oc-187"/>
      </symbol>
      <symbol id="sm-1fd">
         <name>abort</name>
         <value>0xcaa8</value>
         <object_component_ref idref="oc-187"/>
      </symbol>
      <symbol id="sm-20d">
         <name>memcpy</name>
         <value>0xca6e</value>
         <object_component_ref idref="oc-cf"/>
      </symbol>
      <symbol id="sm-215">
         <name>__mspabi_srai</name>
         <value>0xc95e</value>
         <object_component_ref idref="oc-213"/>
      </symbol>
      <symbol id="sm-216">
         <name>__mspabi_srai_8</name>
         <value>0xc978</value>
         <object_component_ref idref="oc-213"/>
      </symbol>
      <symbol id="sm-217">
         <name>__mspabi_srai_9</name>
         <value>0xc976</value>
         <object_component_ref idref="oc-213"/>
      </symbol>
      <symbol id="sm-218">
         <name>__mspabi_srai_6</name>
         <value>0xc97c</value>
         <object_component_ref idref="oc-213"/>
      </symbol>
      <symbol id="sm-219">
         <name>__mspabi_srai_7</name>
         <value>0xc97a</value>
         <object_component_ref idref="oc-213"/>
      </symbol>
      <symbol id="sm-21a">
         <name>__mspabi_srai_4</name>
         <value>0xc980</value>
         <object_component_ref idref="oc-213"/>
      </symbol>
      <symbol id="sm-21b">
         <name>__mspabi_srai_5</name>
         <value>0xc97e</value>
         <object_component_ref idref="oc-213"/>
      </symbol>
      <symbol id="sm-21c">
         <name>__mspabi_srai_2</name>
         <value>0xc984</value>
         <object_component_ref idref="oc-213"/>
      </symbol>
      <symbol id="sm-21d">
         <name>__mspabi_srai_3</name>
         <value>0xc982</value>
         <object_component_ref idref="oc-213"/>
      </symbol>
      <symbol id="sm-21e">
         <name>__mspabi_srai_1</name>
         <value>0xc986</value>
         <object_component_ref idref="oc-213"/>
      </symbol>
      <symbol id="sm-21f">
         <name>__mspabi_srai_15</name>
         <value>0xc96a</value>
         <object_component_ref idref="oc-213"/>
      </symbol>
      <symbol id="sm-220">
         <name>__mspabi_srai_14</name>
         <value>0xc96c</value>
         <object_component_ref idref="oc-213"/>
      </symbol>
      <symbol id="sm-221">
         <name>__mspabi_srai_13</name>
         <value>0xc96e</value>
         <object_component_ref idref="oc-213"/>
      </symbol>
      <symbol id="sm-222">
         <name>__mspabi_srai_12</name>
         <value>0xc970</value>
         <object_component_ref idref="oc-213"/>
      </symbol>
      <symbol id="sm-223">
         <name>__mspabi_srai_11</name>
         <value>0xc972</value>
         <object_component_ref idref="oc-213"/>
      </symbol>
      <symbol id="sm-224">
         <name>__mspabi_srai_10</name>
         <value>0xc974</value>
         <object_component_ref idref="oc-213"/>
      </symbol>
      <symbol id="sm-22c">
         <name>__mspabi_slli</name>
         <value>0xc98a</value>
         <object_component_ref idref="oc-b5"/>
      </symbol>
      <symbol id="sm-22d">
         <name>__mspabi_slli_9</name>
         <value>0xc9a2</value>
         <object_component_ref idref="oc-b5"/>
      </symbol>
      <symbol id="sm-22e">
         <name>__mspabi_slli_8</name>
         <value>0xc9a4</value>
         <object_component_ref idref="oc-b5"/>
      </symbol>
      <symbol id="sm-22f">
         <name>__mspabi_slli_7</name>
         <value>0xc9a6</value>
         <object_component_ref idref="oc-b5"/>
      </symbol>
      <symbol id="sm-230">
         <name>__mspabi_slli_6</name>
         <value>0xc9a8</value>
         <object_component_ref idref="oc-b5"/>
      </symbol>
      <symbol id="sm-231">
         <name>__mspabi_slli_5</name>
         <value>0xc9aa</value>
         <object_component_ref idref="oc-b5"/>
      </symbol>
      <symbol id="sm-232">
         <name>__mspabi_slli_4</name>
         <value>0xc9ac</value>
         <object_component_ref idref="oc-b5"/>
      </symbol>
      <symbol id="sm-233">
         <name>__mspabi_slli_3</name>
         <value>0xc9ae</value>
         <object_component_ref idref="oc-b5"/>
      </symbol>
      <symbol id="sm-234">
         <name>__mspabi_slli_2</name>
         <value>0xc9b0</value>
         <object_component_ref idref="oc-b5"/>
      </symbol>
      <symbol id="sm-235">
         <name>__mspabi_slli_1</name>
         <value>0xc9b2</value>
         <object_component_ref idref="oc-b5"/>
      </symbol>
      <symbol id="sm-236">
         <name>__mspabi_slli_15</name>
         <value>0xc996</value>
         <object_component_ref idref="oc-b5"/>
      </symbol>
      <symbol id="sm-237">
         <name>__mspabi_slli_14</name>
         <value>0xc998</value>
         <object_component_ref idref="oc-b5"/>
      </symbol>
      <symbol id="sm-238">
         <name>__mspabi_slli_13</name>
         <value>0xc99a</value>
         <object_component_ref idref="oc-b5"/>
      </symbol>
      <symbol id="sm-239">
         <name>__mspabi_slli_12</name>
         <value>0xc99c</value>
         <object_component_ref idref="oc-b5"/>
      </symbol>
      <symbol id="sm-23a">
         <name>__mspabi_slli_11</name>
         <value>0xc99e</value>
         <object_component_ref idref="oc-b5"/>
      </symbol>
      <symbol id="sm-23b">
         <name>__mspabi_slli_10</name>
         <value>0xc9a0</value>
         <object_component_ref idref="oc-b5"/>
      </symbol>
      <symbol id="sm-243">
         <name>__mspabi_slll_9</name>
         <value>0xc8fa</value>
         <object_component_ref idref="oc-259"/>
      </symbol>
      <symbol id="sm-244">
         <name>__mspabi_slll_8</name>
         <value>0xc8fe</value>
         <object_component_ref idref="oc-259"/>
      </symbol>
      <symbol id="sm-245">
         <name>__mspabi_slll_7</name>
         <value>0xc902</value>
         <object_component_ref idref="oc-259"/>
      </symbol>
      <symbol id="sm-246">
         <name>__mspabi_slll_6</name>
         <value>0xc906</value>
         <object_component_ref idref="oc-259"/>
      </symbol>
      <symbol id="sm-247">
         <name>__mspabi_slll_5</name>
         <value>0xc90a</value>
         <object_component_ref idref="oc-259"/>
      </symbol>
      <symbol id="sm-248">
         <name>__mspabi_slll_4</name>
         <value>0xc90e</value>
         <object_component_ref idref="oc-259"/>
      </symbol>
      <symbol id="sm-249">
         <name>__mspabi_slll_3</name>
         <value>0xc912</value>
         <object_component_ref idref="oc-259"/>
      </symbol>
      <symbol id="sm-24a">
         <name>__mspabi_slll_2</name>
         <value>0xc916</value>
         <object_component_ref idref="oc-259"/>
      </symbol>
      <symbol id="sm-24b">
         <name>__mspabi_slll_1</name>
         <value>0xc91a</value>
         <object_component_ref idref="oc-259"/>
      </symbol>
      <symbol id="sm-24c">
         <name>__mspabi_slll_15</name>
         <value>0xc8e2</value>
         <object_component_ref idref="oc-259"/>
      </symbol>
      <symbol id="sm-24d">
         <name>__mspabi_slll_14</name>
         <value>0xc8e6</value>
         <object_component_ref idref="oc-259"/>
      </symbol>
      <symbol id="sm-24e">
         <name>__mspabi_slll_13</name>
         <value>0xc8ea</value>
         <object_component_ref idref="oc-259"/>
      </symbol>
      <symbol id="sm-24f">
         <name>__mspabi_slll_12</name>
         <value>0xc8ee</value>
         <object_component_ref idref="oc-259"/>
      </symbol>
      <symbol id="sm-250">
         <name>__mspabi_slll_11</name>
         <value>0xc8f2</value>
         <object_component_ref idref="oc-259"/>
      </symbol>
      <symbol id="sm-251">
         <name>__mspabi_slll_10</name>
         <value>0xc8f6</value>
         <object_component_ref idref="oc-259"/>
      </symbol>
      <symbol id="sm-259">
         <name>__mspabi_srli_8</name>
         <value>0xc7f4</value>
         <object_component_ref idref="oc-ba"/>
      </symbol>
      <symbol id="sm-25a">
         <name>__mspabi_srli_9</name>
         <value>0xc7f0</value>
         <object_component_ref idref="oc-ba"/>
      </symbol>
      <symbol id="sm-25b">
         <name>__mspabi_srli_6</name>
         <value>0xc7fc</value>
         <object_component_ref idref="oc-ba"/>
      </symbol>
      <symbol id="sm-25c">
         <name>__mspabi_srli_7</name>
         <value>0xc7f8</value>
         <object_component_ref idref="oc-ba"/>
      </symbol>
      <symbol id="sm-25d">
         <name>__mspabi_srli_4</name>
         <value>0xc804</value>
         <object_component_ref idref="oc-ba"/>
      </symbol>
      <symbol id="sm-25e">
         <name>__mspabi_srli_5</name>
         <value>0xc800</value>
         <object_component_ref idref="oc-ba"/>
      </symbol>
      <symbol id="sm-25f">
         <name>__mspabi_srli_2</name>
         <value>0xc80c</value>
         <object_component_ref idref="oc-ba"/>
      </symbol>
      <symbol id="sm-260">
         <name>__mspabi_srli_3</name>
         <value>0xc808</value>
         <object_component_ref idref="oc-ba"/>
      </symbol>
      <symbol id="sm-261">
         <name>__mspabi_srli_1</name>
         <value>0xc810</value>
         <object_component_ref idref="oc-ba"/>
      </symbol>
      <symbol id="sm-262">
         <name>__mspabi_srli</name>
         <value>0xc7ca</value>
         <object_component_ref idref="oc-ba"/>
      </symbol>
      <symbol id="sm-263">
         <name>__mspabi_srli_15</name>
         <value>0xc7d8</value>
         <object_component_ref idref="oc-ba"/>
      </symbol>
      <symbol id="sm-264">
         <name>__mspabi_srli_14</name>
         <value>0xc7dc</value>
         <object_component_ref idref="oc-ba"/>
      </symbol>
      <symbol id="sm-265">
         <name>__mspabi_srli_13</name>
         <value>0xc7e0</value>
         <object_component_ref idref="oc-ba"/>
      </symbol>
      <symbol id="sm-266">
         <name>__mspabi_srli_12</name>
         <value>0xc7e4</value>
         <object_component_ref idref="oc-ba"/>
      </symbol>
      <symbol id="sm-267">
         <name>__mspabi_srli_11</name>
         <value>0xc7e8</value>
         <object_component_ref idref="oc-ba"/>
      </symbol>
      <symbol id="sm-268">
         <name>__mspabi_srli_10</name>
         <value>0xc7ec</value>
         <object_component_ref idref="oc-ba"/>
      </symbol>
      <symbol id="sm-278">
         <name>__mspabi_srll_8</name>
         <value>0xc6ea</value>
         <object_component_ref idref="oc-25e"/>
      </symbol>
      <symbol id="sm-279">
         <name>__mspabi_srll_9</name>
         <value>0xc6e4</value>
         <object_component_ref idref="oc-25e"/>
      </symbol>
      <symbol id="sm-27a">
         <name>__mspabi_srll_6</name>
         <value>0xc6f6</value>
         <object_component_ref idref="oc-25e"/>
      </symbol>
      <symbol id="sm-27b">
         <name>__mspabi_srll_7</name>
         <value>0xc6f0</value>
         <object_component_ref idref="oc-25e"/>
      </symbol>
      <symbol id="sm-27c">
         <name>__mspabi_srll_4</name>
         <value>0xc702</value>
         <object_component_ref idref="oc-25e"/>
      </symbol>
      <symbol id="sm-27d">
         <name>__mspabi_srll_5</name>
         <value>0xc6fc</value>
         <object_component_ref idref="oc-25e"/>
      </symbol>
      <symbol id="sm-27e">
         <name>__mspabi_srll_2</name>
         <value>0xc70e</value>
         <object_component_ref idref="oc-25e"/>
      </symbol>
      <symbol id="sm-27f">
         <name>__mspabi_srll_3</name>
         <value>0xc708</value>
         <object_component_ref idref="oc-25e"/>
      </symbol>
      <symbol id="sm-280">
         <name>__mspabi_srll_1</name>
         <value>0xc714</value>
         <object_component_ref idref="oc-25e"/>
      </symbol>
      <symbol id="sm-281">
         <name>__mspabi_srll_15</name>
         <value>0xc6c0</value>
         <object_component_ref idref="oc-25e"/>
      </symbol>
      <symbol id="sm-282">
         <name>__mspabi_srll_14</name>
         <value>0xc6c6</value>
         <object_component_ref idref="oc-25e"/>
      </symbol>
      <symbol id="sm-283">
         <name>__mspabi_srll_13</name>
         <value>0xc6cc</value>
         <object_component_ref idref="oc-25e"/>
      </symbol>
      <symbol id="sm-284">
         <name>__mspabi_srll_12</name>
         <value>0xc6d2</value>
         <object_component_ref idref="oc-25e"/>
      </symbol>
      <symbol id="sm-285">
         <name>__mspabi_srll_11</name>
         <value>0xc6d8</value>
         <object_component_ref idref="oc-25e"/>
      </symbol>
      <symbol id="sm-286">
         <name>__mspabi_srll_10</name>
         <value>0xc6de</value>
         <object_component_ref idref="oc-25e"/>
      </symbol>
      <symbol id="sm-287">
         <name>__mspabi_srll</name>
         <value>0xca5c</value>
         <object_component_ref idref="oc-27f"/>
      </symbol>
      <symbol id="sm-296">
         <name>__mspabi_srlll</name>
         <value>0xc816</value>
         <object_component_ref idref="oc-276"/>
      </symbol>
      <symbol id="sm-2a1">
         <name>__TI_frcmpyd</name>
         <value>0xc2c0</value>
         <object_component_ref idref="oc-218"/>
      </symbol>
      <symbol id="sm-2a9">
         <name>__mspabi_mpyull_sw</name>
         <value>0xc9fe</value>
         <object_component_ref idref="oc-271"/>
      </symbol>
      <symbol id="sm-2aa">
         <name>__mspabi_mpyull</name>
         <value>0xc9fe</value>
         <object_component_ref idref="oc-271"/>
      </symbol>
      <symbol id="sm-2b2">
         <name>__mspabi_mpyll</name>
         <value>0xc432</value>
         <object_component_ref idref="oc-26c"/>
      </symbol>
      <symbol id="sm-2b3">
         <name>__mspabi_mpyll_sw</name>
         <value>0xc432</value>
         <object_component_ref idref="oc-26c"/>
      </symbol>
      <symbol id="sm-2c0">
         <name>__mspabi_sllll</name>
         <value>0xc85c</value>
         <object_component_ref idref="oc-266"/>
      </symbol>
      <symbol id="sm-2cb">
         <name>__mspabi_mpyul_sw</name>
         <value>0xc9dc</value>
         <object_component_ref idref="oc-29c"/>
      </symbol>
      <symbol id="sm-2cc">
         <name>__mspabi_mpyul</name>
         <value>0xc9dc</value>
         <object_component_ref idref="oc-29c"/>
      </symbol>
      <symbol id="sm-2d6">
         <name>__mspabi_mpyl_sw</name>
         <value>0xc9b6</value>
         <object_component_ref idref="oc-297"/>
      </symbol>
      <symbol id="sm-2d7">
         <name>__mspabi_mpyl</name>
         <value>0xc9b6</value>
         <object_component_ref idref="oc-297"/>
      </symbol>
   </symbol_table>
   <title>Link successful</title>
</link_info>
